Archive member included to satisfy reference by file (symbol)

c:/gcc_arm/bin/../lib/gcc/arm-none-eabi/10.3.1/../../../../arm-none-eabi/lib/thumb/v7e-m+fp/hard\libc_nano.a(lib_a-errno.o)
                              ./Core/Src/syscalls.o (__errno)
c:/gcc_arm/bin/../lib/gcc/arm-none-eabi/10.3.1/../../../../arm-none-eabi/lib/thumb/v7e-m+fp/hard\libc_nano.a(lib_a-exit.o)
                              c:/gcc_arm/bin/../lib/gcc/arm-none-eabi/10.3.1/../../../../arm-none-eabi/lib/thumb/v7e-m+fp/hard/crt0.o (exit)
c:/gcc_arm/bin/../lib/gcc/arm-none-eabi/10.3.1/../../../../arm-none-eabi/lib/thumb/v7e-m+fp/hard\libc_nano.a(lib_a-impure.o)
                              c:/gcc_arm/bin/../lib/gcc/arm-none-eabi/10.3.1/../../../../arm-none-eabi/lib/thumb/v7e-m+fp/hard\libc_nano.a(lib_a-exit.o) (_global_impure_ptr)
c:/gcc_arm/bin/../lib/gcc/arm-none-eabi/10.3.1/../../../../arm-none-eabi/lib/thumb/v7e-m+fp/hard\libc_nano.a(lib_a-init.o)
                              c:/gcc_arm/bin/../lib/gcc/arm-none-eabi/10.3.1/../../../../arm-none-eabi/lib/thumb/v7e-m+fp/hard/crt0.o (__libc_init_array)
c:/gcc_arm/bin/../lib/gcc/arm-none-eabi/10.3.1/../../../../arm-none-eabi/lib/thumb/v7e-m+fp/hard\libc_nano.a(lib_a-itoa.o)
                              ./Core/Src/main.o (itoa)
c:/gcc_arm/bin/../lib/gcc/arm-none-eabi/10.3.1/../../../../arm-none-eabi/lib/thumb/v7e-m+fp/hard\libc_nano.a(lib_a-memcpy-stub.o)
                              ./Drivers/ssd1306/ssd1306.o (memcpy)
c:/gcc_arm/bin/../lib/gcc/arm-none-eabi/10.3.1/../../../../arm-none-eabi/lib/thumb/v7e-m+fp/hard\libc_nano.a(lib_a-memmove.o)
                              ./Drivers/ssd1306/ssd1306_tests.o (memmove)
c:/gcc_arm/bin/../lib/gcc/arm-none-eabi/10.3.1/../../../../arm-none-eabi/lib/thumb/v7e-m+fp/hard\libc_nano.a(lib_a-memset.o)
                              c:/gcc_arm/bin/../lib/gcc/arm-none-eabi/10.3.1/../../../../arm-none-eabi/lib/thumb/v7e-m+fp/hard/crt0.o (memset)
c:/gcc_arm/bin/../lib/gcc/arm-none-eabi/10.3.1/../../../../arm-none-eabi/lib/thumb/v7e-m+fp/hard\libc_nano.a(lib_a-snprintf.o)
                              ./Drivers/ssd1306/ssd1306_tests.o (snprintf)
c:/gcc_arm/bin/../lib/gcc/arm-none-eabi/10.3.1/../../../../arm-none-eabi/lib/thumb/v7e-m+fp/hard\libc_nano.a(lib_a-utoa.o)
                              c:/gcc_arm/bin/../lib/gcc/arm-none-eabi/10.3.1/../../../../arm-none-eabi/lib/thumb/v7e-m+fp/hard\libc_nano.a(lib_a-itoa.o) (__utoa)
c:/gcc_arm/bin/../lib/gcc/arm-none-eabi/10.3.1/../../../../arm-none-eabi/lib/thumb/v7e-m+fp/hard\libc_nano.a(lib_a-nano-svfprintf.o)
                              c:/gcc_arm/bin/../lib/gcc/arm-none-eabi/10.3.1/../../../../arm-none-eabi/lib/thumb/v7e-m+fp/hard\libc_nano.a(lib_a-snprintf.o) (_svfprintf_r)
c:/gcc_arm/bin/../lib/gcc/arm-none-eabi/10.3.1/../../../../arm-none-eabi/lib/thumb/v7e-m+fp/hard\libc_nano.a(lib_a-nano-vfprintf_i.o)
                              c:/gcc_arm/bin/../lib/gcc/arm-none-eabi/10.3.1/../../../../arm-none-eabi/lib/thumb/v7e-m+fp/hard\libc_nano.a(lib_a-nano-svfprintf.o) (_printf_i)
c:/gcc_arm/bin/../lib/gcc/arm-none-eabi/10.3.1/../../../../arm-none-eabi/lib/thumb/v7e-m+fp/hard\libc_nano.a(lib_a-memchr.o)
                              c:/gcc_arm/bin/../lib/gcc/arm-none-eabi/10.3.1/../../../../arm-none-eabi/lib/thumb/v7e-m+fp/hard\libc_nano.a(lib_a-nano-svfprintf.o) (memchr)
c:/gcc_arm/bin/../lib/gcc/arm-none-eabi/10.3.1/../../../../arm-none-eabi/lib/thumb/v7e-m+fp/hard\libc_nano.a(lib_a-nano-freer.o)
                              c:/gcc_arm/bin/../lib/gcc/arm-none-eabi/10.3.1/../../../../arm-none-eabi/lib/thumb/v7e-m+fp/hard\libc_nano.a(lib_a-nano-svfprintf.o) (_free_r)
c:/gcc_arm/bin/../lib/gcc/arm-none-eabi/10.3.1/../../../../arm-none-eabi/lib/thumb/v7e-m+fp/hard\libc_nano.a(lib_a-nano-mallocr.o)
                              c:/gcc_arm/bin/../lib/gcc/arm-none-eabi/10.3.1/../../../../arm-none-eabi/lib/thumb/v7e-m+fp/hard\libc_nano.a(lib_a-nano-svfprintf.o) (_malloc_r)
c:/gcc_arm/bin/../lib/gcc/arm-none-eabi/10.3.1/../../../../arm-none-eabi/lib/thumb/v7e-m+fp/hard\libc_nano.a(lib_a-nano-reallocr.o)
                              c:/gcc_arm/bin/../lib/gcc/arm-none-eabi/10.3.1/../../../../arm-none-eabi/lib/thumb/v7e-m+fp/hard\libc_nano.a(lib_a-nano-svfprintf.o) (_realloc_r)
c:/gcc_arm/bin/../lib/gcc/arm-none-eabi/10.3.1/../../../../arm-none-eabi/lib/thumb/v7e-m+fp/hard\libc_nano.a(lib_a-sbrkr.o)
                              c:/gcc_arm/bin/../lib/gcc/arm-none-eabi/10.3.1/../../../../arm-none-eabi/lib/thumb/v7e-m+fp/hard\libc_nano.a(lib_a-nano-mallocr.o) (_sbrk_r)
c:/gcc_arm/bin/../lib/gcc/arm-none-eabi/10.3.1/../../../../arm-none-eabi/lib/thumb/v7e-m+fp/hard\libc_nano.a(lib_a-mlock.o)
                              c:/gcc_arm/bin/../lib/gcc/arm-none-eabi/10.3.1/../../../../arm-none-eabi/lib/thumb/v7e-m+fp/hard\libc_nano.a(lib_a-nano-freer.o) (__malloc_lock)
[...]
Memory Configuration

Name             Origin             Length             Attributes
CCMRAM           0x10000000         0x00001000         xrw
RAM              0x20000000         0x00003000         xrw
FLASH            0x08000000         0x00010000         xr
*default*        0x00000000         0xffffffff

Linker script and memory map

LOAD c:/gcc_arm/bin/../lib/gcc/arm-none-eabi/10.3.1/thumb/v7e-m+fp/hard/crti.o
LOAD c:/gcc_arm/bin/../lib/gcc/arm-none-eabi/10.3.1/thumb/v7e-m+fp/hard/crtbegin.o
LOAD c:/gcc_arm/bin/../lib/gcc/arm-none-eabi/10.3.1/../../../../arm-none-eabi/lib/thumb/v7e-m+fp/hard/crt0.o
LOAD ./Core/Src/main.o
LOAD ./Core/Src/stm32f3xx_hal_msp.o
LOAD ./Core/Src/stm32f3xx_it.o
LOAD ./Core/Src/syscalls.o
LOAD ./Core/Src/sysmem.o
LOAD ./Core/Src/system_stm32f3xx.o
LOAD ./Core/Startup/startup_stm32f303k8tx.o
LOAD ./Drivers/STM32F3xx_HAL_Driver/Src/stm32f3xx_hal.o
LOAD ./Drivers/STM32F3xx_HAL_Driver/Src/stm32f3xx_hal_adc.o
LOAD ./Drivers/STM32F3xx_HAL_Driver/Src/stm32f3xx_hal_adc_ex.o
LOAD ./Drivers/STM32F3xx_HAL_Driver/Src/stm32f3xx_hal_cortex.o
LOAD ./Drivers/STM32F3xx_HAL_Driver/Src/stm32f3xx_hal_dac.o
LOAD ./Drivers/STM32F3xx_HAL_Driver/Src/stm32f3xx_hal_dac_ex.o
LOAD ./Drivers/STM32F3xx_HAL_Driver/Src/stm32f3xx_hal_dma.o
LOAD ./Drivers/STM32F3xx_HAL_Driver/Src/stm32f3xx_hal_exti.o
LOAD ./Drivers/STM32F3xx_HAL_Driver/Src/stm32f3xx_hal_flash.o
LOAD ./Drivers/STM32F3xx_HAL_Driver/Src/stm32f3xx_hal_flash_ex.o
LOAD ./Drivers/STM32F3xx_HAL_Driver/Src/stm32f3xx_hal_gpio.o
LOAD ./Drivers/STM32F3xx_HAL_Driver/Src/stm32f3xx_hal_i2c.o
LOAD ./Drivers/STM32F3xx_HAL_Driver/Src/stm32f3xx_hal_i2c_ex.o
LOAD ./Drivers/STM32F3xx_HAL_Driver/Src/stm32f3xx_hal_pwr.o
LOAD ./Drivers/STM32F3xx_HAL_Driver/Src/stm32f3xx_hal_pwr_ex.o
LOAD ./Drivers/STM32F3xx_HAL_Driver/Src/stm32f3xx_hal_rcc.o
LOAD ./Drivers/STM32F3xx_HAL_Driver/Src/stm32f3xx_hal_rcc_ex.o
LOAD ./Drivers/STM32F3xx_HAL_Driver/Src/stm32f3xx_hal_tim.o
LOAD ./Drivers/STM32F3xx_HAL_Driver/Src/stm32f3xx_hal_tim_ex.o
LOAD ./Drivers/STM32F3xx_HAL_Driver/Src/stm32f3xx_hal_uart.o
LOAD ./Drivers/STM32F3xx_HAL_Driver/Src/stm32f3xx_hal_uart_ex.o
LOAD ./Drivers/ssd1306/ssd1306.o
LOAD ./Drivers/ssd1306/ssd1306_fonts.o
LOAD ./Drivers/ssd1306/ssd1306_tests.o
START GROUP
LOAD c:/gcc_arm/bin/../lib/gcc/arm-none-eabi/10.3.1/../../../../arm-none-eabi/lib/thumb/v7e-m+fp/hard\libc_nano.a
LOAD c:/gcc_arm/bin/../lib/gcc/arm-none-eabi/10.3.1/../../../../arm-none-eabi/lib/thumb/v7e-m+fp/hard\libm.a
END GROUP
START GROUP
LOAD c:/gcc_arm/bin/../lib/gcc/arm-none-eabi/10.3.1/thumb/v7e-m+fp/hard\libgcc.a
LOAD c:/gcc_arm/bin/../lib/gcc/arm-none-eabi/10.3.1/../../../../arm-none-eabi/lib/thumb/v7e-m+fp/hard\libc_nano.a
END GROUP
START GROUP
LOAD c:/gcc_arm/bin/../lib/gcc/arm-none-eabi/10.3.1/thumb/v7e-m+fp/hard\libgcc.a
LOAD c:/gcc_arm/bin/../lib/gcc/arm-none-eabi/10.3.1/../../../../arm-none-eabi/lib/thumb/v7e-m+fp/hard\libc_nano.a
LOAD c:/gcc_arm/bin/../lib/gcc/arm-none-eabi/10.3.1/../../../../arm-none-eabi/lib/thumb/v7e-m+fp/hard\libnosys.a
END GROUP
START GROUP
LOAD c:/gcc_arm/bin/../lib/gcc/arm-none-eabi/10.3.1/thumb/v7e-m+fp/hard\libgcc.a
LOAD c:/gcc_arm/bin/../lib/gcc/arm-none-eabi/10.3.1/../../../../arm-none-eabi/lib/thumb/v7e-m+fp/hard\libc_nano.a
LOAD c:/gcc_arm/bin/../lib/gcc/arm-none-eabi/10.3.1/../../../../arm-none-eabi/lib/thumb/v7e-m+fp/hard\libnosys.a
END GROUP
LOAD c:/gcc_arm/bin/../lib/gcc/arm-none-eabi/10.3.1/thumb/v7e-m+fp/hard/crtend.o
LOAD c:/gcc_arm/bin/../lib/gcc/arm-none-eabi/10.3.1/thumb/v7e-m+fp/hard/crtn.o
                0x20003000                _estack = (ORIGIN (RAM) + LENGTH (RAM))
                0x00000200                _Min_Heap_Size = 0x200
                0x00000400                _Min_Stack_Size = 0x400

.isr_vector     0x08000000      0x188
                0x08000000                . = ALIGN (0x4)
 *(.isr_vector)
 .isr_vector    0x08000000      0x188 ./Core/Startup/startup_stm32f303k8tx.o
                0x08000000                g_pfnVectors
                0x08000188                . = ALIGN (0x4)

.text           0x08000188     0x6390
                0x08000188                . = ALIGN (0x4)
 *(.text)
 .text          0x08000188       0x40 c:/gcc_arm/bin/../lib/gcc/arm-none-eabi/10.3.1/thumb/v7e-m+fp/hard/crtbegin.o
 *(.text*)
 .text.main     0x080001c8       0xf4 ./Core/Src/main.o
                0x080001c8                main
 .text.SystemClock_Config
                0x080002bc       0xba ./Core/Src/main.o
                0x080002bc                SystemClock_Config
 *fill*         0x08000376        0x2 
 .text.MX_ADC1_Init
                0x08000378      0x11c ./Core/Src/main.o
 .text.MX_DAC1_Init
                0x08000494       0x70 ./Core/Src/main.o
 .text.MX_I2C1_Init
                0x08000504       0x80 ./Core/Src/main.o
 .text.MX_TIM1_Init
                0x08000584      0x15c ./Core/Src/main.o
 .text.MX_USART2_UART_Init
                0x080006e0       0x60 ./Core/Src/main.o
 .text.MX_DMA_Init
                0x08000740       0x5c ./Core/Src/main.o
 .text.MX_GPIO_Init
                0x0800079c       0x60 ./Core/Src/main.o
 .text.HAL_TIM_PeriodElapsedCallback
                0x080007fc      0x128 ./Core/Src/main.o
                0x080007fc                HAL_TIM_PeriodElapsedCallback
 .text.Error_Handler
                0x08000924        0xa ./Core/Src/main.o
                0x08000924                Error_Handler
 *fill*         0x0800092e        0x2 
 .text.HAL_MspInit
                0x08000930       0x48 ./Core/Src/stm32f3xx_hal_msp.o
                0x08000930                HAL_MspInit
 .text.HAL_ADC_MspInit
                0x08000978       0xd0 ./Core/Src/stm32f3xx_hal_msp.o
                0x08000978                HAL_ADC_MspInit
 .text.HAL_DAC_MspInit
                0x08000a48      0x14c ./Core/Src/stm32f3xx_hal_msp.o
                0x08000a48                HAL_DAC_MspInit
 .text.HAL_I2C_MspInit
                0x08000b94       0x88 ./Core/Src/stm32f3xx_hal_msp.o
                0x08000b94                HAL_I2C_MspInit
 .text.HAL_TIM_PWM_MspInit
                0x08000c1c       0x4c ./Core/Src/stm32f3xx_hal_msp.o
                0x08000c1c                HAL_TIM_PWM_MspInit
 .text.HAL_TIM_MspPostInit
                0x08000c68       0xac ./Core/Src/stm32f3xx_hal_msp.o
                0x08000c68                HAL_TIM_MspPostInit
 .text.HAL_UART_MspInit
                0x08000d14       0x88 ./Core/Src/stm32f3xx_hal_msp.o
                0x08000d14                HAL_UART_MspInit
 .text.NMI_Handler
                0x08000d9c        0x6 ./Core/Src/stm32f3xx_it.o
                0x08000d9c                NMI_Handler
 .text.HardFault_Handler
                0x08000da2        0x6 ./Core/Src/stm32f3xx_it.o
                0x08000da2                HardFault_Handler
 .text.MemManage_Handler
                0x08000da8        0x6 ./Core/Src/stm32f3xx_it.o
                0x08000da8                MemManage_Handler
 .text.BusFault_Handler
                0x08000dae        0x6 ./Core/Src/stm32f3xx_it.o
                0x08000dae                BusFault_Handler
 .text.UsageFault_Handler
                0x08000db4        0x6 ./Core/Src/stm32f3xx_it.o
                0x08000db4                UsageFault_Handler
 .text.SVC_Handler
                0x08000dba        0xe ./Core/Src/stm32f3xx_it.o
                0x08000dba                SVC_Handler
 .text.DebugMon_Handler
                0x08000dc8        0xe ./Core/Src/stm32f3xx_it.o
                0x08000dc8                DebugMon_Handler
 .text.PendSV_Handler
                0x08000dd6        0xe ./Core/Src/stm32f3xx_it.o
                0x08000dd6                PendSV_Handler
 .text.SysTick_Handler
                0x08000de4        0xc ./Core/Src/stm32f3xx_it.o
                0x08000de4                SysTick_Handler
 .text.DMA1_Channel1_IRQHandler
                0x08000df0       0x14 ./Core/Src/stm32f3xx_it.o
                0x08000df0                DMA1_Channel1_IRQHandler
 .text.DMA1_Channel3_IRQHandler
                0x08000e04       0x14 ./Core/Src/stm32f3xx_it.o
                0x08000e04                DMA1_Channel3_IRQHandler
 .text.DMA1_Channel4_IRQHandler
                0x08000e18       0x14 ./Core/Src/stm32f3xx_it.o
                0x08000e18                DMA1_Channel4_IRQHandler
 .text.TIM1_UP_TIM16_IRQHandler
                0x08000e2c       0x14 ./Core/Src/stm32f3xx_it.o
                0x08000e2c                TIM1_UP_TIM16_IRQHandler
 .text.SystemInit
                0x08000e40       0x24 ./Core/Src/system_stm32f3xx.o
                0x08000e40                SystemInit
 .text.Reset_Handler
                0x08000e64       0x50 ./Core/Startup/startup_stm32f303k8tx.o
                0x08000e64                Reset_Handler
 .text.Default_Handler
                0x08000eb4        0x2 ./Core/Startup/startup_stm32f303k8tx.o
                0x08000eb4                RTC_Alarm_IRQHandler
                0x08000eb4                TIM1_CC_IRQHandler
                0x08000eb4                PVD_IRQHandler
                0x08000eb4                TAMP_STAMP_IRQHandler
                0x08000eb4                EXTI3_IRQHandler
                0x08000eb4                EXTI0_IRQHandler
                0x08000eb4                FPU_IRQHandler
                0x08000eb4                CAN_TX_IRQHandler
                0x08000eb4                ADC1_2_IRQHandler
                0x08000eb4                SPI1_IRQHandler
                0x08000eb4                CAN_SCE_IRQHandler
                0x08000eb4                USART3_IRQHandler
                0x08000eb4                DMA1_Channel7_IRQHandler
                0x08000eb4                TIM7_DAC2_IRQHandler
                0x08000eb4                CAN_RX1_IRQHandler
                0x08000eb4                I2C1_EV_IRQHandler
                0x08000eb4                DMA1_Channel6_IRQHandler
                0x08000eb4                TIM3_IRQHandler
                0x08000eb4                RCC_IRQHandler
                0x08000eb4                Default_Handler
                0x08000eb4                EXTI15_10_IRQHandler
                0x08000eb4                COMP2_IRQHandler
                0x08000eb4                TIM6_DAC1_IRQHandler
                0x08000eb4                EXTI9_5_IRQHandler
                0x08000eb4                RTC_WKUP_IRQHandler
                0x08000eb4                DMA1_Channel5_IRQHandler
                0x08000eb4                EXTI4_IRQHandler
                0x08000eb4                TIM1_TRG_COM_TIM17_IRQHandler
                0x08000eb4                WWDG_IRQHandler
                0x08000eb4                TIM2_IRQHandler
                0x08000eb4                EXTI1_IRQHandler
                0x08000eb4                COMP4_6_IRQHandler
                0x08000eb4                USART2_IRQHandler
                0x08000eb4                DMA1_Channel2_IRQHandler
                0x08000eb4                FLASH_IRQHandler
                0x08000eb4                USART1_IRQHandler
                0x08000eb4                CAN_RX0_IRQHandler
                0x08000eb4                I2C1_ER_IRQHandler
                0x08000eb4                EXTI2_TSC_IRQHandler
                0x08000eb4                TIM1_BRK_TIM15_IRQHandler
 *fill*         0x08000eb6        0x2 
 .text.HAL_Init
                0x08000eb8       0x2c ./Drivers/STM32F3xx_HAL_Driver/Src/stm32f3xx_hal.o
                0x08000eb8                HAL_Init
 .text.HAL_InitTick
                0x08000ee4       0x60 ./Drivers/STM32F3xx_HAL_Driver/Src/stm32f3xx_hal.o
                0x08000ee4                HAL_InitTick
 .text.HAL_IncTick
                0x08000f44       0x28 ./Drivers/STM32F3xx_HAL_Driver/Src/stm32f3xx_hal.o
                0x08000f44                HAL_IncTick
 .text.HAL_GetTick
                0x08000f6c       0x18 ./Drivers/STM32F3xx_HAL_Driver/Src/stm32f3xx_hal.o
                0x08000f6c                HAL_GetTick
 .text.HAL_Delay
                0x08000f84       0x48 ./Drivers/STM32F3xx_HAL_Driver/Src/stm32f3xx_hal.o
                0x08000f84                HAL_Delay
 .text.HAL_ADC_ConvCpltCallback
                0x08000fcc       0x14 ./Drivers/STM32F3xx_HAL_Driver/Src/stm32f3xx_hal_adc.o
                0x08000fcc                HAL_ADC_ConvCpltCallback
 .text.HAL_ADC_ConvHalfCpltCallback
                0x08000fe0       0x14 ./Drivers/STM32F3xx_HAL_Driver/Src/stm32f3xx_hal_adc.o
                0x08000fe0                HAL_ADC_ConvHalfCpltCallback
 .text.HAL_ADC_ErrorCallback
                0x08000ff4       0x14 ./Drivers/STM32F3xx_HAL_Driver/Src/stm32f3xx_hal_adc.o
                0x08000ff4                HAL_ADC_ErrorCallback
 .text.HAL_ADC_Init
                0x08001008      0x324 ./Drivers/STM32F3xx_HAL_Driver/Src/stm32f3xx_hal_adc_ex.o
                0x08001008                HAL_ADC_Init
 .text.HAL_ADC_Start_DMA
                0x0800132c      0x1b4 ./Drivers/STM32F3xx_HAL_Driver/Src/stm32f3xx_hal_adc_ex.o
                0x0800132c                HAL_ADC_Start_DMA
 .text.HAL_ADC_ConfigChannel
                0x080014e0      0x580 ./Drivers/STM32F3xx_HAL_Driver/Src/stm32f3xx_hal_adc_ex.o
                0x080014e0                HAL_ADC_ConfigChannel
 .text.HAL_ADCEx_MultiModeConfigChannel
                0x08001a60      0x18c ./Drivers/STM32F3xx_HAL_Driver/Src/stm32f3xx_hal_adc_ex.o
                0x08001a60                HAL_ADCEx_MultiModeConfigChannel
 .text.ADC_DMAConvCplt
                0x08001bec       0x7a ./Drivers/STM32F3xx_HAL_Driver/Src/stm32f3xx_hal_adc_ex.o
 .text.ADC_DMAHalfConvCplt
                0x08001c66       0x1c ./Drivers/STM32F3xx_HAL_Driver/Src/stm32f3xx_hal_adc_ex.o
 .text.ADC_DMAError
                0x08001c82       0x34 ./Drivers/STM32F3xx_HAL_Driver/Src/stm32f3xx_hal_adc_ex.o
 *fill*         0x08001cb6        0x2 
 .text.ADC_Enable
                0x08001cb8       0xc8 ./Drivers/STM32F3xx_HAL_Driver/Src/stm32f3xx_hal_adc_ex.o
 .text.ADC_Disable
                0x08001d80       0xcc ./Drivers/STM32F3xx_HAL_Driver/Src/stm32f3xx_hal_adc_ex.o
 .text.__NVIC_SetPriorityGrouping
                0x08001e4c       0x48 ./Drivers/STM32F3xx_HAL_Driver/Src/stm32f3xx_hal_cortex.o
 .text.__NVIC_GetPriorityGrouping
                0x08001e94       0x1c ./Drivers/STM32F3xx_HAL_Driver/Src/stm32f3xx_hal_cortex.o
 .text.__NVIC_EnableIRQ
                0x08001eb0       0x3c ./Drivers/STM32F3xx_HAL_Driver/Src/stm32f3xx_hal_cortex.o
 .text.__NVIC_SetPriority
                0x08001eec       0x54 ./Drivers/STM32F3xx_HAL_Driver/Src/stm32f3xx_hal_cortex.o
 .text.NVIC_EncodePriority
                0x08001f40       0x66 ./Drivers/STM32F3xx_HAL_Driver/Src/stm32f3xx_hal_cortex.o
 *fill*         0x08001fa6        0x2 
 .text.SysTick_Config
                0x08001fa8       0x44 ./Drivers/STM32F3xx_HAL_Driver/Src/stm32f3xx_hal_cortex.o
 .text.HAL_NVIC_SetPriorityGrouping
                0x08001fec       0x16 ./Drivers/STM32F3xx_HAL_Driver/Src/stm32f3xx_hal_cortex.o
                0x08001fec                HAL_NVIC_SetPriorityGrouping
 .text.HAL_NVIC_SetPriority
                0x08002002       0x38 ./Drivers/STM32F3xx_HAL_Driver/Src/stm32f3xx_hal_cortex.o
                0x08002002                HAL_NVIC_SetPriority
 .text.HAL_NVIC_EnableIRQ
                0x0800203a       0x1c ./Drivers/STM32F3xx_HAL_Driver/Src/stm32f3xx_hal_cortex.o
                0x0800203a                HAL_NVIC_EnableIRQ
 .text.HAL_SYSTICK_Config
                0x08002056       0x18 ./Drivers/STM32F3xx_HAL_Driver/Src/stm32f3xx_hal_cortex.o
                0x08002056                HAL_SYSTICK_Config
 .text.HAL_DAC_Init
                0x0800206e       0x44 ./Drivers/STM32F3xx_HAL_Driver/Src/stm32f3xx_hal_dac.o
                0x0800206e                HAL_DAC_Init
 *fill*         0x080020b2        0x2 
 .text.HAL_DAC_ConfigChannel
                0x080020b4       0xd0 ./Drivers/STM32F3xx_HAL_Driver/Src/stm32f3xx_hal_dac_ex.o
                0x080020b4                HAL_DAC_ConfigChannel
 .text.HAL_DMA_Init
                0x08002184       0x8e ./Drivers/STM32F3xx_HAL_Driver/Src/stm32f3xx_hal_dma.o
                0x08002184                HAL_DMA_Init
 .text.HAL_DMA_Start_IT
                0x08002212       0xbe ./Drivers/STM32F3xx_HAL_Driver/Src/stm32f3xx_hal_dma.o
                0x08002212                HAL_DMA_Start_IT
 .text.HAL_DMA_IRQHandler
                0x080022d0      0x146 ./Drivers/STM32F3xx_HAL_Driver/Src/stm32f3xx_hal_dma.o
                0x080022d0                HAL_DMA_IRQHandler
 .text.DMA_SetConfig
                0x08002416       0x5c ./Drivers/STM32F3xx_HAL_Driver/Src/stm32f3xx_hal_dma.o
 *fill*         0x08002472        0x2 
 .text.DMA_CalcBaseAndBitshift
                0x08002474       0x40 ./Drivers/STM32F3xx_HAL_Driver/Src/stm32f3xx_hal_dma.o
 .text.HAL_GPIO_Init
                0x080024b4      0x2e4 ./Drivers/STM32F3xx_HAL_Driver/Src/stm32f3xx_hal_gpio.o
                0x080024b4                HAL_GPIO_Init
 .text.HAL_I2C_Init
                0x08002798      0x11e ./Drivers/STM32F3xx_HAL_Driver/Src/stm32f3xx_hal_i2c.o
                0x08002798                HAL_I2C_Init
 *fill*         0x080028b6        0x2 
 .text.HAL_I2C_Mem_Write
                0x080028b8      0x228 ./Drivers/STM32F3xx_HAL_Driver/Src/stm32f3xx_hal_i2c.o
                0x080028b8                HAL_I2C_Mem_Write
 .text.I2C_RequestMemoryWrite
                0x08002ae0       0xa8 ./Drivers/STM32F3xx_HAL_Driver/Src/stm32f3xx_hal_i2c.o
 .text.I2C_Flush_TXDR
                0x08002b88       0x48 ./Drivers/STM32F3xx_HAL_Driver/Src/stm32f3xx_hal_i2c.o
 .text.I2C_WaitOnFlagUntilTimeout
                0x08002bd0       0x80 ./Drivers/STM32F3xx_HAL_Driver/Src/stm32f3xx_hal_i2c.o
 .text.I2C_WaitOnTXISFlagUntilTimeout
                0x08002c50       0x80 ./Drivers/STM32F3xx_HAL_Driver/Src/stm32f3xx_hal_i2c.o
 .text.I2C_WaitOnSTOPFlagUntilTimeout
                0x08002cd0       0x78 ./Drivers/STM32F3xx_HAL_Driver/Src/stm32f3xx_hal_i2c.o
 .text.I2C_IsAcknowledgeFailed
                0x08002d48       0xec ./Drivers/STM32F3xx_HAL_Driver/Src/stm32f3xx_hal_i2c.o
 .text.I2C_TransferConfig
                0x08002e34       0x5c ./Drivers/STM32F3xx_HAL_Driver/Src/stm32f3xx_hal_i2c.o
 .text.HAL_I2CEx_ConfigAnalogFilter
                0x08002e90       0x96 ./Drivers/STM32F3xx_HAL_Driver/Src/stm32f3xx_hal_i2c_ex.o
                0x08002e90                HAL_I2CEx_ConfigAnalogFilter
 .text.HAL_I2CEx_ConfigDigitalFilter
                0x08002f26       0x98 ./Drivers/STM32F3xx_HAL_Driver/Src/stm32f3xx_hal_i2c_ex.o
                0x08002f26                HAL_I2CEx_ConfigDigitalFilter
 *fill*         0x08002fbe        0x2 
 .text.HAL_RCC_OscConfig
                0x08002fc0     0x107c ./Drivers/STM32F3xx_HAL_Driver/Src/stm32f3xx_hal_rcc.o
                0x08002fc0                HAL_RCC_OscConfig
 .text.HAL_RCC_ClockConfig
                0x0800403c      0x2f8 ./Drivers/STM32F3xx_HAL_Driver/Src/stm32f3xx_hal_rcc.o
                0x0800403c                HAL_RCC_ClockConfig
 .text.HAL_RCC_GetSysClockFreq
                0x08004334       0xd4 ./Drivers/STM32F3xx_HAL_Driver/Src/stm32f3xx_hal_rcc.o
                0x08004334                HAL_RCC_GetSysClockFreq
 .text.HAL_RCC_GetHCLKFreq
                0x08004408       0x18 ./Drivers/STM32F3xx_HAL_Driver/Src/stm32f3xx_hal_rcc.o
                0x08004408                HAL_RCC_GetHCLKFreq
 .text.HAL_RCC_GetPCLK1Freq
                0x08004420       0x44 ./Drivers/STM32F3xx_HAL_Driver/Src/stm32f3xx_hal_rcc.o
                0x08004420                HAL_RCC_GetPCLK1Freq
 .text.HAL_RCC_GetPCLK2Freq
                0x08004464       0x44 ./Drivers/STM32F3xx_HAL_Driver/Src/stm32f3xx_hal_rcc.o
                0x08004464                HAL_RCC_GetPCLK2Freq
 .text.HAL_RCCEx_PeriphCLKConfig
                0x080044a8      0x24c ./Drivers/STM32F3xx_HAL_Driver/Src/stm32f3xx_hal_rcc_ex.o
                0x080044a8                HAL_RCCEx_PeriphCLKConfig
 .text.HAL_TIM_Base_Start_IT
                0x080046f4       0xb8 ./Drivers/STM32F3xx_HAL_Driver/Src/stm32f3xx_hal_tim.o
                0x080046f4                HAL_TIM_Base_Start_IT
 .text.HAL_TIM_PWM_Init
                0x080047ac       0xae ./Drivers/STM32F3xx_HAL_Driver/Src/stm32f3xx_hal_tim.o
                0x080047ac                HAL_TIM_PWM_Init
 *fill*         0x0800485a        0x2 
 .text.HAL_TIM_PWM_Start
                0x0800485c      0x1d8 ./Drivers/STM32F3xx_HAL_Driver/Src/stm32f3xx_hal_tim.o
                0x0800485c                HAL_TIM_PWM_Start
 .text.HAL_TIM_IRQHandler
                0x08004a34      0x23e ./Drivers/STM32F3xx_HAL_Driver/Src/stm32f3xx_hal_tim.o
                0x08004a34                HAL_TIM_IRQHandler
 *fill*         0x08004c72        0x2 
 .text.HAL_TIM_PWM_ConfigChannel
                0x08004c74      0x228 ./Drivers/STM32F3xx_HAL_Driver/Src/stm32f3xx_hal_tim.o
                0x08004c74                HAL_TIM_PWM_ConfigChannel
 .text.HAL_TIM_OC_DelayElapsedCallback
                0x08004e9c       0x14 ./Drivers/STM32F3xx_HAL_Driver/Src/stm32f3xx_hal_tim.o
                0x08004e9c                HAL_TIM_OC_DelayElapsedCallback
 .text.HAL_TIM_IC_CaptureCallback
                0x08004eb0       0x14 ./Drivers/STM32F3xx_HAL_Driver/Src/stm32f3xx_hal_tim.o
                0x08004eb0                HAL_TIM_IC_CaptureCallback
 .text.HAL_TIM_PWM_PulseFinishedCallback
                0x08004ec4       0x14 ./Drivers/STM32F3xx_HAL_Driver/Src/stm32f3xx_hal_tim.o
                0x08004ec4                HAL_TIM_PWM_PulseFinishedCallback
 .text.HAL_TIM_TriggerCallback
                0x08004ed8       0x14 ./Drivers/STM32F3xx_HAL_Driver/Src/stm32f3xx_hal_tim.o
                0x08004ed8                HAL_TIM_TriggerCallback
 .text.TIM_Base_SetConfig
                0x08004eec       0xf0 ./Drivers/STM32F3xx_HAL_Driver/Src/stm32f3xx_hal_tim.o
                0x08004eec                TIM_Base_SetConfig
 .text.TIM_OC1_SetConfig
                0x08004fdc      0x10c ./Drivers/STM32F3xx_HAL_Driver/Src/stm32f3xx_hal_tim.o
 .text.TIM_OC2_SetConfig
                0x080050e8      0x100 ./Drivers/STM32F3xx_HAL_Driver/Src/stm32f3xx_hal_tim.o
                0x080050e8                TIM_OC2_SetConfig
 .text.TIM_OC3_SetConfig
                0x080051e8       0xfc ./Drivers/STM32F3xx_HAL_Driver/Src/stm32f3xx_hal_tim.o
 .text.TIM_OC4_SetConfig
                0x080052e4       0xc8 ./Drivers/STM32F3xx_HAL_Driver/Src/stm32f3xx_hal_tim.o
 .text.TIM_OC5_SetConfig
                0x080053ac       0xbc ./Drivers/STM32F3xx_HAL_Driver/Src/stm32f3xx_hal_tim.o
 .text.TIM_OC6_SetConfig
                0x08005468       0xc0 ./Drivers/STM32F3xx_HAL_Driver/Src/stm32f3xx_hal_tim.o
 .text.TIM_CCxChannelCmd
                0x08005528       0x4a ./Drivers/STM32F3xx_HAL_Driver/Src/stm32f3xx_hal_tim.o
                0x08005528                TIM_CCxChannelCmd
 *fill*         0x08005572        0x2 
 .text.HAL_TIMEx_PWMN_Start
                0x08005574      0x14c ./Drivers/STM32F3xx_HAL_Driver/Src/stm32f3xx_hal_tim_ex.o
                0x08005574                HAL_TIMEx_PWMN_Start
 .text.HAL_TIMEx_MasterConfigSynchronization
                0x080056c0       0xdc ./Drivers/STM32F3xx_HAL_Driver/Src/stm32f3xx_hal_tim_ex.o
                0x080056c0                HAL_TIMEx_MasterConfigSynchronization
 .text.HAL_TIMEx_ConfigBreakDeadTime
                0x0800579c       0xf0 ./Drivers/STM32F3xx_HAL_Driver/Src/stm32f3xx_hal_tim_ex.o
                0x0800579c                HAL_TIMEx_ConfigBreakDeadTime
 .text.HAL_TIMEx_CommutCallback
                0x0800588c       0x14 ./Drivers/STM32F3xx_HAL_Driver/Src/stm32f3xx_hal_tim_ex.o
                0x0800588c                HAL_TIMEx_CommutCallback
 .text.HAL_TIMEx_BreakCallback
                0x080058a0       0x14 ./Drivers/STM32F3xx_HAL_Driver/Src/stm32f3xx_hal_tim_ex.o
                0x080058a0                HAL_TIMEx_BreakCallback
 .text.HAL_TIMEx_Break2Callback
                0x080058b4       0x14 ./Drivers/STM32F3xx_HAL_Driver/Src/stm32f3xx_hal_tim_ex.o
                0x080058b4                HAL_TIMEx_Break2Callback
 .text.TIM_CCxNChannelCmd
                0x080058c8       0x4a ./Drivers/STM32F3xx_HAL_Driver/Src/stm32f3xx_hal_tim_ex.o
 .text.HAL_UART_Init
                0x08005912       0x9c ./Drivers/STM32F3xx_HAL_Driver/Src/stm32f3xx_hal_uart.o
                0x08005912                HAL_UART_Init
 *fill*         0x080059ae        0x2 
 .text.UART_SetConfig
                0x080059b0      0x26c ./Drivers/STM32F3xx_HAL_Driver/Src/stm32f3xx_hal_uart.o
                0x080059b0                UART_SetConfig
 .text.UART_AdvFeatureConfig
                0x08005c1c      0x144 ./Drivers/STM32F3xx_HAL_Driver/Src/stm32f3xx_hal_uart.o
                0x08005c1c                UART_AdvFeatureConfig
 .text.UART_CheckIdleState
                0x08005d60       0x92 ./Drivers/STM32F3xx_HAL_Driver/Src/stm32f3xx_hal_uart.o
                0x08005d60                UART_CheckIdleState
 .text.UART_WaitOnFlagUntilTimeout
                0x08005df2      0x188 ./Drivers/STM32F3xx_HAL_Driver/Src/stm32f3xx_hal_uart.o
                0x08005df2                UART_WaitOnFlagUntilTimeout
 .text.ssd1306_Reset
                0x08005f7a        0xe ./Drivers/ssd1306/ssd1306.o
                0x08005f7a                ssd1306_Reset
 .text.ssd1306_WriteCommand
                0x08005f88       0x30 ./Drivers/ssd1306/ssd1306.o
                0x08005f88                ssd1306_WriteCommand
 .text.ssd1306_WriteData
                0x08005fb8       0x34 ./Drivers/ssd1306/ssd1306.o
                0x08005fb8                ssd1306_WriteData
 .text.ssd1306_Init
                0x08005fec       0xd4 ./Drivers/ssd1306/ssd1306.o
                0x08005fec                ssd1306_Init
 .text.ssd1306_Fill
                0x080060c0       0x48 ./Drivers/ssd1306/ssd1306.o
                0x080060c0                ssd1306_Fill
 .text.ssd1306_UpdateScreen
                0x08006108       0x50 ./Drivers/ssd1306/ssd1306.o
                0x08006108                ssd1306_UpdateScreen
 .text.ssd1306_DrawPixel
                0x08006158       0xa8 ./Drivers/ssd1306/ssd1306.o
                0x08006158                ssd1306_DrawPixel
 .text.ssd1306_WriteChar
                0x08006200      0x110 ./Drivers/ssd1306/ssd1306.o
                0x08006200                ssd1306_WriteChar
 .text.ssd1306_WriteString
                0x08006310       0x4c ./Drivers/ssd1306/ssd1306.o
                0x08006310                ssd1306_WriteString
 .text.ssd1306_SetCursor
                0x0800635c       0x30 ./Drivers/ssd1306/ssd1306.o
                0x0800635c                ssd1306_SetCursor
 .text.ssd1306_SetContrast
                0x0800638c       0x26 ./Drivers/ssd1306/ssd1306.o
                0x0800638c                ssd1306_SetContrast
 *fill*         0x080063b2        0x2 
 .text.ssd1306_SetDisplayOn
                0x080063b4       0x3c ./Drivers/ssd1306/ssd1306.o
                0x080063b4                ssd1306_SetDisplayOn
 .text.__libc_init_array
                0x080063f0       0x48 c:/gcc_arm/bin/../lib/gcc/arm-none-eabi/10.3.1/../../../../arm-none-eabi/lib/thumb/v7e-m+fp/hard\libc_nano.a(lib_a-init.o)
                0x080063f0                __libc_init_array
 .text.__itoa   0x08006438       0x30 c:/gcc_arm/bin/../lib/gcc/arm-none-eabi/10.3.1/../../../../arm-none-eabi/lib/thumb/v7e-m+fp/hard\libc_nano.a(lib_a-itoa.o)
                0x08006438                __itoa
 .text.itoa     0x08006468        0x4 c:/gcc_arm/bin/../lib/gcc/arm-none-eabi/10.3.1/../../../../arm-none-eabi/lib/thumb/v7e-m+fp/hard\libc_nano.a(lib_a-itoa.o)
                0x08006468                itoa
 .text.memset   0x0800646c       0x10 c:/gcc_arm/bin/../lib/gcc/arm-none-eabi/10.3.1/../../../../arm-none-eabi/lib/thumb/v7e-m+fp/hard\libc_nano.a(lib_a-memset.o)
                0x0800646c                memset
 .text.__utoa   0x0800647c       0x84 c:/gcc_arm/bin/../lib/gcc/arm-none-eabi/10.3.1/../../../../arm-none-eabi/lib/thumb/v7e-m+fp/hard\libc_nano.a(lib_a-utoa.o)
                0x0800647c                __utoa
 *(.glue_7)
 .glue_7        0x08006500        0x0 linker stubs
 *(.glue_7t)
 .glue_7t       0x08006500        0x0 linker stubs
 *(.eh_frame)
 .eh_frame      0x08006500        0x0 c:/gcc_arm/bin/../lib/gcc/arm-none-eabi/10.3.1/thumb/v7e-m+fp/hard/crtbegin.o
 *(.init)
 .init          0x08006500        0x4 c:/gcc_arm/bin/../lib/gcc/arm-none-eabi/10.3.1/thumb/v7e-m+fp/hard/crti.o
                0x08006500                _init
 .init          0x08006504        0x8 c:/gcc_arm/bin/../lib/gcc/arm-none-eabi/10.3.1/thumb/v7e-m+fp/hard/crtn.o
 *(.fini)
 .fini          0x0800650c        0x4 c:/gcc_arm/bin/../lib/gcc/arm-none-eabi/10.3.1/thumb/v7e-m+fp/hard/crti.o
                0x0800650c                _fini
 .fini          0x08006510        0x8 c:/gcc_arm/bin/../lib/gcc/arm-none-eabi/10.3.1/thumb/v7e-m+fp/hard/crtn.o
                0x08006518                . = ALIGN (0x4)
                0x08006518                _etext = .

.vfp11_veneer   0x08006518        0x0
 .vfp11_veneer  0x08006518        0x0 linker stubs

.v4_bx          0x08006518        0x0
 .v4_bx         0x08006518        0x0 linker stubs

.iplt           0x08006518        0x0
 .iplt          0x08006518        0x0 c:/gcc_arm/bin/../lib/gcc/arm-none-eabi/10.3.1/thumb/v7e-m+fp/hard/crtbegin.o

.rodata         0x08006518      0xdbc
                0x08006518                . = ALIGN (0x4)
 *(.rodata)
 *(.rodata*)
 .rodata.AHBPrescTable
                0x08006518       0x10 ./Core/Src/system_stm32f3xx.o
                0x08006518                AHBPrescTable
 .rodata.APBPrescTable
                0x08006528        0x8 ./Core/Src/system_stm32f3xx.o
                0x08006528                APBPrescTable
 .rodata.aPLLMULFactorTable
                0x08006530       0x10 ./Drivers/STM32F3xx_HAL_Driver/Src/stm32f3xx_hal_rcc.o
                0x08006530                aPLLMULFactorTable
 .rodata.aPredivFactorTable
                0x08006540       0x10 ./Drivers/STM32F3xx_HAL_Driver/Src/stm32f3xx_hal_rcc.o
                0x08006540                aPredivFactorTable
 .rodata.Font11x18
                0x08006550      0xd5c ./Drivers/ssd1306/ssd1306_fonts.o
 .rodata.__utoa.str1.1
                0x080072ac       0x25 c:/gcc_arm/bin/../lib/gcc/arm-none-eabi/10.3.1/../../../../arm-none-eabi/lib/thumb/v7e-m+fp/hard\libc_nano.a(lib_a-utoa.o)
                0x080072d4                . = ALIGN (0x4)
 *fill*         0x080072d1        0x3 

.rel.dyn        0x080072d4        0x0
 .rel.iplt      0x080072d4        0x0 c:/gcc_arm/bin/../lib/gcc/arm-none-eabi/10.3.1/thumb/v7e-m+fp/hard/crtbegin.o

.ARM.extab      0x080072d4        0x0
                0x080072d4                . = ALIGN (0x4)
 *(.ARM.extab* .gnu.linkonce.armextab.*)
                0x080072d4                . = ALIGN (0x4)

.ARM            0x080072d4        0x0
                0x080072d4                . = ALIGN (0x4)
                0x080072d4                __exidx_start = .
 *(.ARM.exidx*)
                0x080072d4                __exidx_end = .
                0x080072d4                . = ALIGN (0x4)

.preinit_array  0x080072d4        0x0
                0x080072d4                . = ALIGN (0x4)
                0x080072d4                PROVIDE (__preinit_array_start = .)
 *(.preinit_array*)
                0x080072d4                PROVIDE (__preinit_array_end = .)
                0x080072d4                . = ALIGN (0x4)

.init_array     0x080072d4        0x4
                0x080072d4                . = ALIGN (0x4)
                0x080072d4                PROVIDE (__init_array_start = .)
 *(SORT_BY_NAME(.init_array.*))
 *(.init_array*)
 .init_array    0x080072d4        0x4 c:/gcc_arm/bin/../lib/gcc/arm-none-eabi/10.3.1/thumb/v7e-m+fp/hard/crtbegin.o
                0x080072d8                PROVIDE (__init_array_end = .)
                0x080072d8                . = ALIGN (0x4)

.fini_array     0x080072d8        0x4
                0x080072d8                . = ALIGN (0x4)
                [!provide]                PROVIDE (__fini_array_start = .)
 *(SORT_BY_NAME(.fini_array.*))
 *(.fini_array*)
 .fini_array    0x080072d8        0x4 c:/gcc_arm/bin/../lib/gcc/arm-none-eabi/10.3.1/thumb/v7e-m+fp/hard/crtbegin.o
                [!provide]                PROVIDE (__fini_array_end = .)
                0x080072dc                . = ALIGN (0x4)
                0x080072dc                _sidata = LOADADDR (.data)

.data           0x20000000       0x18 load address 0x080072dc
                0x20000000                . = ALIGN (0x4)
                0x20000000                _sdata = .
 *(.data)
 *(.data*)
 .data.timer_ar_value
                0x20000000        0x4 ./Core/Src/main.o
                0x20000000                timer_ar_value
 .data.SystemCoreClock
                0x20000004        0x4 ./Core/Src/system_stm32f3xx.o
                0x20000004                SystemCoreClock
 .data.uwTickPrio
                0x20000008        0x4 ./Drivers/STM32F3xx_HAL_Driver/Src/stm32f3xx_hal.o
                0x20000008                uwTickPrio
 .data.uwTickFreq
                0x2000000c        0x1 ./Drivers/STM32F3xx_HAL_Driver/Src/stm32f3xx_hal.o
                0x2000000c                uwTickFreq
 *fill*         0x2000000d        0x3 
 .data.Font_11x18
                0x20000010        0x8 ./Drivers/ssd1306/ssd1306_fonts.o
                0x20000010                Font_11x18
 *(.RamFunc)
 *(.RamFunc*)
                0x20000018                . = ALIGN (0x4)
                0x20000018                _edata = .
                0x080072f4                _siccmram = LOADADDR (.ccmram)

.igot.plt       0x20000018        0x0 load address 0x080072f4
 .igot.plt      0x20000018        0x0 c:/gcc_arm/bin/../lib/gcc/arm-none-eabi/10.3.1/thumb/v7e-m+fp/hard/crtbegin.o

.ccmram         0x10000000        0x0 load address 0x080072f4
                0x10000000                . = ALIGN (0x4)
                0x10000000                _sccmram = .
 *(.ccmram)
 *(.ccmram*)
                0x10000000                . = ALIGN (0x4)
                0x10000000                _eccmram = .
                0x10000000                . = ALIGN (0x4)

.bss            0x20000018      0x674
                0x20000018                _sbss = .
                0x20000018                __bss_start__ = _sbss
 *(.bss)
 .bss           0x20000018       0x1c c:/gcc_arm/bin/../lib/gcc/arm-none-eabi/10.3.1/thumb/v7e-m+fp/hard/crtbegin.o
 *(.bss*)
 .bss.hadc1     0x20000034       0x50 ./Core/Src/main.o
                0x20000034                hadc1
 .bss.hdma_adc1
                0x20000084       0x44 ./Core/Src/main.o
                0x20000084                hdma_adc1
 .bss.hdac1     0x200000c8       0x14 ./Core/Src/main.o
                0x200000c8                hdac1
 .bss.hdma_dac1_ch1
                0x200000dc       0x44 ./Core/Src/main.o
                0x200000dc                hdma_dac1_ch1
 .bss.hdma_dac1_ch2
                0x20000120       0x44 ./Core/Src/main.o
                0x20000120                hdma_dac1_ch2
 .bss.hi2c1     0x20000164       0x4c ./Core/Src/main.o
                0x20000164                hi2c1
 .bss.htim1     0x200001b0       0x4c ./Core/Src/main.o
                0x200001b0                htim1
 .bss.huart2    0x200001fc       0x84 ./Core/Src/main.o
                0x200001fc                huart2
 .bss.uwTick    0x20000280        0x4 ./Drivers/STM32F3xx_HAL_Driver/Src/stm32f3xx_hal.o
                0x20000280                uwTick
 .bss.SSD1306_Buffer
                0x20000284      0x400 ./Drivers/ssd1306/ssd1306.o
 .bss.SSD1306   0x20000684        0x6 ./Drivers/ssd1306/ssd1306.o
 *(COMMON)
                0x2000068c                . = ALIGN (0x4)
 *fill*         0x2000068a        0x2 
                0x2000068c                _ebss = .
                0x2000068c                __bss_end__ = _ebss

._user_heap_stack
                0x2000068c      0x604
                0x20000690                . = ALIGN (0x8)
 *fill*         0x2000068c        0x4 
                [!provide]                PROVIDE (end = .)
                0x20000690                PROVIDE (_end = .)
                0x20000890                . = (. + _Min_Heap_Size)
 *fill*         0x20000690      0x200 
                0x20000c90                . = (. + _Min_Stack_Size)
 *fill*         0x20000890      0x400 
                0x20000c90                . = ALIGN (0x8)

/DISCARD/
 libc.a(*)
 libm.a(*)
 libgcc.a(*)

.ARM.attributes
                0x00000000       0x30
 *(.ARM.attributes)
 .ARM.attributes
                0x00000000       0x1e c:/gcc_arm/bin/../lib/gcc/arm-none-eabi/10.3.1/thumb/v7e-m+fp/hard/crti.o
 .ARM.attributes
                0x0000001e       0x34 c:/gcc_arm/bin/../lib/gcc/arm-none-eabi/10.3.1/thumb/v7e-m+fp/hard/crtbegin.o
 .ARM.attributes
                0x00000052       0x34 ./Core/Src/main.o
 .ARM.attributes
                0x00000086       0x34 ./Core/Src/stm32f3xx_hal_msp.o
 .ARM.attributes
                0x000000ba       0x34 ./Core/Src/stm32f3xx_it.o
 .ARM.attributes
                0x000000ee       0x34 ./Core/Src/system_stm32f3xx.o
 .ARM.attributes
                0x00000122       0x21 ./Core/Startup/startup_stm32f303k8tx.o
 .ARM.attributes
                0x00000143       0x34 ./Drivers/STM32F3xx_HAL_Driver/Src/stm32f3xx_hal.o
 .ARM.attributes
                0x00000177       0x34 ./Drivers/STM32F3xx_HAL_Driver/Src/stm32f3xx_hal_adc.o
 .ARM.attributes
                0x000001ab       0x34 ./Drivers/STM32F3xx_HAL_Driver/Src/stm32f3xx_hal_adc_ex.o
 .ARM.attributes
                0x000001df       0x34 ./Drivers/STM32F3xx_HAL_Driver/Src/stm32f3xx_hal_cortex.o
 .ARM.attributes
                0x00000213       0x34 ./Drivers/STM32F3xx_HAL_Driver/Src/stm32f3xx_hal_dac.o
 .ARM.attributes
                0x00000247       0x34 ./Drivers/STM32F3xx_HAL_Driver/Src/stm32f3xx_hal_dac_ex.o
 .ARM.attributes
                0x0000027b       0x34 ./Drivers/STM32F3xx_HAL_Driver/Src/stm32f3xx_hal_dma.o
 .ARM.attributes
                0x000002af       0x34 ./Drivers/STM32F3xx_HAL_Driver/Src/stm32f3xx_hal_gpio.o
 .ARM.attributes
                0x000002e3       0x34 ./Drivers/STM32F3xx_HAL_Driver/Src/stm32f3xx_hal_i2c.o
 .ARM.attributes
                0x00000317       0x34 ./Drivers/STM32F3xx_HAL_Driver/Src/stm32f3xx_hal_i2c_ex.o
 .ARM.attributes
                0x0000034b       0x34 ./Drivers/STM32F3xx_HAL_Driver/Src/stm32f3xx_hal_rcc.o
 .ARM.attributes
                0x0000037f       0x34 ./Drivers/STM32F3xx_HAL_Driver/Src/stm32f3xx_hal_rcc_ex.o
 .ARM.attributes
                0x000003b3       0x34 ./Drivers/STM32F3xx_HAL_Driver/Src/stm32f3xx_hal_tim.o
 .ARM.attributes
                0x000003e7       0x34 ./Drivers/STM32F3xx_HAL_Driver/Src/stm32f3xx_hal_tim_ex.o
 .ARM.attributes
                0x0000041b       0x34 ./Drivers/STM32F3xx_HAL_Driver/Src/stm32f3xx_hal_uart.o
 .ARM.attributes
                0x0000044f       0x34 ./Drivers/ssd1306/ssd1306.o
 .ARM.attributes
                0x00000483       0x34 ./Drivers/ssd1306/ssd1306_fonts.o
 .ARM.attributes
                0x000004b7       0x34 c:/gcc_arm/bin/../lib/gcc/arm-none-eabi/10.3.1/../../../../arm-none-eabi/lib/thumb/v7e-m+fp/hard\libc_nano.a(lib_a-init.o)
 .ARM.attributes
                0x000004eb       0x34 c:/gcc_arm/bin/../lib/gcc/arm-none-eabi/10.3.1/../../../../arm-none-eabi/lib/thumb/v7e-m+fp/hard\libc_nano.a(lib_a-itoa.o)
 .ARM.attributes
                0x0000051f       0x34 c:/gcc_arm/bin/../lib/gcc/arm-none-eabi/10.3.1/../../../../arm-none-eabi/lib/thumb/v7e-m+fp/hard\libc_nano.a(lib_a-memset.o)
 .ARM.attributes
                0x00000553       0x34 c:/gcc_arm/bin/../lib/gcc/arm-none-eabi/10.3.1/../../../../arm-none-eabi/lib/thumb/v7e-m+fp/hard\libc_nano.a(lib_a-utoa.o)
 .ARM.attributes
                0x00000587       0x1e c:/gcc_arm/bin/../lib/gcc/arm-none-eabi/10.3.1/thumb/v7e-m+fp/hard/crtn.o
OUTPUT(tim1_pwm3phase.elf elf32-littlearm)
LOAD linker stubs
LOAD c:/gcc_arm/bin/../lib/gcc/arm-none-eabi/10.3.1/../../../../arm-none-eabi/lib/thumb/v7e-m+fp/hard\libc.a
LOAD c:/gcc_arm/bin/../lib/gcc/arm-none-eabi/10.3.1/../../../../arm-none-eabi/lib/thumb/v7e-m+fp/hard\libm.a
LOAD c:/gcc_arm/bin/../lib/gcc/arm-none-eabi/10.3.1/thumb/v7e-m+fp/hard\libgcc.a

.debug_info     0x00000000    0x16a33
 .debug_info    0x00000000     0x1b90 ./Core/Src/main.o
 .debug_info    0x00001b90     0x19f9 ./Core/Src/stm32f3xx_hal_msp.o
 .debug_info    0x00003589      0x76d ./Core/Src/stm32f3xx_it.o
 .debug_info    0x00003cf6      0x416 ./Core/Src/system_stm32f3xx.o
 .debug_info    0x0000410c       0x22 ./Core/Startup/startup_stm32f303k8tx.o
 .debug_info    0x0000412e      0x72a ./Drivers/STM32F3xx_HAL_Driver/Src/stm32f3xx_hal.o
 .debug_info    0x00004858      0xb9e ./Drivers/STM32F3xx_HAL_Driver/Src/stm32f3xx_hal_adc.o
 .debug_info    0x000053f6     0x15fc ./Drivers/STM32F3xx_HAL_Driver/Src/stm32f3xx_hal_adc_ex.o
 .debug_info    0x000069f2      0xb20 ./Drivers/STM32F3xx_HAL_Driver/Src/stm32f3xx_hal_cortex.o
 .debug_info    0x00007512      0x892 ./Drivers/STM32F3xx_HAL_Driver/Src/stm32f3xx_hal_dac.o
 .debug_info    0x00007da4      0x9f2 ./Drivers/STM32F3xx_HAL_Driver/Src/stm32f3xx_hal_dac_ex.o
 .debug_info    0x00008796      0x74a ./Drivers/STM32F3xx_HAL_Driver/Src/stm32f3xx_hal_dma.o
 .debug_info    0x00008ee0      0x74e ./Drivers/STM32F3xx_HAL_Driver/Src/stm32f3xx_hal_gpio.o
 .debug_info    0x0000962e     0x20ed ./Drivers/STM32F3xx_HAL_Driver/Src/stm32f3xx_hal_i2c.o
 .debug_info    0x0000b71b      0x955 ./Drivers/STM32F3xx_HAL_Driver/Src/stm32f3xx_hal_i2c_ex.o
 .debug_info    0x0000c070     0x153e ./Drivers/STM32F3xx_HAL_Driver/Src/stm32f3xx_hal_rcc.o
 .debug_info    0x0000d5ae      0x544 ./Drivers/STM32F3xx_HAL_Driver/Src/stm32f3xx_hal_rcc_ex.o
 .debug_info    0x0000daf2     0x2c07 ./Drivers/STM32F3xx_HAL_Driver/Src/stm32f3xx_hal_tim.o
 .debug_info    0x000106f9     0x154f ./Drivers/STM32F3xx_HAL_Driver/Src/stm32f3xx_hal_tim_ex.o
 .debug_info    0x00011c48     0x3a22 ./Drivers/STM32F3xx_HAL_Driver/Src/stm32f3xx_hal_uart.o
 .debug_info    0x0001566a     0x11d7 ./Drivers/ssd1306/ssd1306.o
 .debug_info    0x00016841      0x1f2 ./Drivers/ssd1306/ssd1306_fonts.o

.debug_abbrev   0x00000000     0x2a3a
 .debug_abbrev  0x00000000      0x2c2 ./Core/Src/main.o
 .debug_abbrev  0x000002c2      0x1f7 ./Core/Src/stm32f3xx_hal_msp.o
 .debug_abbrev  0x000004b9      0x15c ./Core/Src/stm32f3xx_it.o
 .debug_abbrev  0x00000615      0x116 ./Core/Src/system_stm32f3xx.o
 .debug_abbrev  0x0000072b       0x12 ./Core/Startup/startup_stm32f303k8tx.o
 .debug_abbrev  0x0000073d      0x1db ./Drivers/STM32F3xx_HAL_Driver/Src/stm32f3xx_hal.o
 .debug_abbrev  0x00000918      0x17a ./Drivers/STM32F3xx_HAL_Driver/Src/stm32f3xx_hal_adc.o
 .debug_abbrev  0x00000a92      0x239 ./Drivers/STM32F3xx_HAL_Driver/Src/stm32f3xx_hal_adc_ex.o
 .debug_abbrev  0x00000ccb      0x2ed ./Drivers/STM32F3xx_HAL_Driver/Src/stm32f3xx_hal_cortex.o
 .debug_abbrev  0x00000fb8      0x186 ./Drivers/STM32F3xx_HAL_Driver/Src/stm32f3xx_hal_dac.o
 .debug_abbrev  0x0000113e      0x21e ./Drivers/STM32F3xx_HAL_Driver/Src/stm32f3xx_hal_dac_ex.o
 .debug_abbrev  0x0000135c      0x1e9 ./Drivers/STM32F3xx_HAL_Driver/Src/stm32f3xx_hal_dma.o
 .debug_abbrev  0x00001545      0x1bb ./Drivers/STM32F3xx_HAL_Driver/Src/stm32f3xx_hal_gpio.o
 .debug_abbrev  0x00001700      0x217 ./Drivers/STM32F3xx_HAL_Driver/Src/stm32f3xx_hal_i2c.o
 .debug_abbrev  0x00001917      0x1b0 ./Drivers/STM32F3xx_HAL_Driver/Src/stm32f3xx_hal_i2c_ex.o
 .debug_abbrev  0x00001ac7      0x2c4 ./Drivers/STM32F3xx_HAL_Driver/Src/stm32f3xx_hal_rcc.o
 .debug_abbrev  0x00001d8b      0x211 ./Drivers/STM32F3xx_HAL_Driver/Src/stm32f3xx_hal_rcc_ex.o
 .debug_abbrev  0x00001f9c      0x231 ./Drivers/STM32F3xx_HAL_Driver/Src/stm32f3xx_hal_tim.o
 .debug_abbrev  0x000021cd      0x239 ./Drivers/STM32F3xx_HAL_Driver/Src/stm32f3xx_hal_tim_ex.o
 .debug_abbrev  0x00002406      0x27b ./Drivers/STM32F3xx_HAL_Driver/Src/stm32f3xx_hal_uart.o
 .debug_abbrev  0x00002681      0x2fb ./Drivers/ssd1306/ssd1306.o
 .debug_abbrev  0x0000297c       0xbe ./Drivers/ssd1306/ssd1306_fonts.o

.debug_aranges  0x00000000     0x1418
 .debug_aranges
                0x00000000       0x70 ./Core/Src/main.o
 .debug_aranges
                0x00000070       0x78 ./Core/Src/stm32f3xx_hal_msp.o
 .debug_aranges
                0x000000e8       0x80 ./Core/Src/stm32f3xx_it.o
 .debug_aranges
                0x00000168       0x28 ./Core/Src/system_stm32f3xx.o
 .debug_aranges
                0x00000190       0x28 ./Core/Startup/startup_stm32f303k8tx.o
 .debug_aranges
                0x000001b8       0xe0 ./Drivers/STM32F3xx_HAL_Driver/Src/stm32f3xx_hal.o
 .debug_aranges
                0x00000298       0xc8 ./Drivers/STM32F3xx_HAL_Driver/Src/stm32f3xx_hal_adc.o
 .debug_aranges
                0x00000360      0x168 ./Drivers/STM32F3xx_HAL_Driver/Src/stm32f3xx_hal_adc_ex.o
 .debug_aranges
                0x000004c8      0x100 ./Drivers/STM32F3xx_HAL_Driver/Src/stm32f3xx_hal_cortex.o
 .debug_aranges
                0x000005c8       0xa8 ./Drivers/STM32F3xx_HAL_Driver/Src/stm32f3xx_hal_dac.o
 .debug_aranges
                0x00000670       0xb8 ./Drivers/STM32F3xx_HAL_Driver/Src/stm32f3xx_hal_dac_ex.o
 .debug_aranges
                0x00000728       0x88 ./Drivers/STM32F3xx_HAL_Driver/Src/stm32f3xx_hal_dma.o
 .debug_aranges
                0x000007b0       0x58 ./Drivers/STM32F3xx_HAL_Driver/Src/stm32f3xx_hal_gpio.o
 .debug_aranges
                0x00000808      0x290 ./Drivers/STM32F3xx_HAL_Driver/Src/stm32f3xx_hal_i2c.o
 .debug_aranges
                0x00000a98       0x48 ./Drivers/STM32F3xx_HAL_Driver/Src/stm32f3xx_hal_i2c_ex.o
 .debug_aranges
                0x00000ae0       0x88 ./Drivers/STM32F3xx_HAL_Driver/Src/stm32f3xx_hal_rcc.o
 .debug_aranges
                0x00000b68       0x38 ./Drivers/STM32F3xx_HAL_Driver/Src/stm32f3xx_hal_rcc_ex.o
 .debug_aranges
                0x00000ba0      0x3e0 ./Drivers/STM32F3xx_HAL_Driver/Src/stm32f3xx_hal_tim.o
 .debug_aranges
                0x00000f80      0x178 ./Drivers/STM32F3xx_HAL_Driver/Src/stm32f3xx_hal_tim_ex.o
 .debug_aranges
                0x000010f8      0x228 ./Drivers/STM32F3xx_HAL_Driver/Src/stm32f3xx_hal_uart.o
 .debug_aranges
                0x00001320       0xe0 ./Drivers/ssd1306/ssd1306.o
 .debug_aranges
                0x00001400       0x18 ./Drivers/ssd1306/ssd1306_fonts.o

.debug_ranges   0x00000000     0x12e8
 .debug_ranges  0x00000000       0x60 ./Core/Src/main.o
 .debug_ranges  0x00000060       0x68 ./Core/Src/stm32f3xx_hal_msp.o
 .debug_ranges  0x000000c8       0x70 ./Core/Src/stm32f3xx_it.o
 .debug_ranges  0x00000138       0x18 ./Core/Src/system_stm32f3xx.o
 .debug_ranges  0x00000150       0x20 ./Core/Startup/startup_stm32f303k8tx.o
 .debug_ranges  0x00000170       0xd0 ./Drivers/STM32F3xx_HAL_Driver/Src/stm32f3xx_hal.o
 .debug_ranges  0x00000240       0xb8 ./Drivers/STM32F3xx_HAL_Driver/Src/stm32f3xx_hal_adc.o
 .debug_ranges  0x000002f8      0x158 ./Drivers/STM32F3xx_HAL_Driver/Src/stm32f3xx_hal_adc_ex.o
 .debug_ranges  0x00000450       0xf0 ./Drivers/STM32F3xx_HAL_Driver/Src/stm32f3xx_hal_cortex.o
 .debug_ranges  0x00000540       0x98 ./Drivers/STM32F3xx_HAL_Driver/Src/stm32f3xx_hal_dac.o
 .debug_ranges  0x000005d8       0xa8 ./Drivers/STM32F3xx_HAL_Driver/Src/stm32f3xx_hal_dac_ex.o
 .debug_ranges  0x00000680       0x78 ./Drivers/STM32F3xx_HAL_Driver/Src/stm32f3xx_hal_dma.o
 .debug_ranges  0x000006f8       0x48 ./Drivers/STM32F3xx_HAL_Driver/Src/stm32f3xx_hal_gpio.o
 .debug_ranges  0x00000740      0x280 ./Drivers/STM32F3xx_HAL_Driver/Src/stm32f3xx_hal_i2c.o
 .debug_ranges  0x000009c0       0x38 ./Drivers/STM32F3xx_HAL_Driver/Src/stm32f3xx_hal_i2c_ex.o
 .debug_ranges  0x000009f8       0x78 ./Drivers/STM32F3xx_HAL_Driver/Src/stm32f3xx_hal_rcc.o
 .debug_ranges  0x00000a70       0x28 ./Drivers/STM32F3xx_HAL_Driver/Src/stm32f3xx_hal_rcc_ex.o
 .debug_ranges  0x00000a98      0x3d0 ./Drivers/STM32F3xx_HAL_Driver/Src/stm32f3xx_hal_tim.o
 .debug_ranges  0x00000e68      0x168 ./Drivers/STM32F3xx_HAL_Driver/Src/stm32f3xx_hal_tim_ex.o
 .debug_ranges  0x00000fd0      0x248 ./Drivers/STM32F3xx_HAL_Driver/Src/stm32f3xx_hal_uart.o
 .debug_ranges  0x00001218       0xd0 ./Drivers/ssd1306/ssd1306.o

.debug_macro    0x00000000    0x1caee
 .debug_macro   0x00000000      0x2a5 ./Core/Src/main.o
 .debug_macro   0x000002a5      0xa78 ./Core/Src/main.o
 .debug_macro   0x00000d1d      0x163 ./Core/Src/main.o
 .debug_macro   0x00000e80       0x2e ./Core/Src/main.o
 .debug_macro   0x00000eae       0x28 ./Core/Src/main.o
 .debug_macro   0x00000ed6       0x22 ./Core/Src/main.o
 .debug_macro   0x00000ef8       0x8e ./Core/Src/main.o
 .debug_macro   0x00000f86       0x51 ./Core/Src/main.o
 .debug_macro   0x00000fd7      0x103 ./Core/Src/main.o
 .debug_macro   0x000010da       0x6a ./Core/Src/main.o
 .debug_macro   0x00001144      0x1df ./Core/Src/main.o
 .debug_macro   0x00001323       0x1c ./Core/Src/main.o
 .debug_macro   0x0000133f       0x22 ./Core/Src/main.o
 .debug_macro   0x00001361       0xd9 ./Core/Src/main.o
 .debug_macro   0x0000143a      0xf07 ./Core/Src/main.o
 .debug_macro   0x00002341    0x10be0 ./Core/Src/main.o
 .debug_macro   0x00012f21       0x6d ./Core/Src/main.o
 .debug_macro   0x00012f8e     0x3540 ./Core/Src/main.o
 .debug_macro   0x000164ce      0x174 ./Core/Src/main.o
 .debug_macro   0x00016642       0x55 ./Core/Src/main.o
 .debug_macro   0x00016697      0x8f9 ./Core/Src/main.o
 .debug_macro   0x00016f90      0x304 ./Core/Src/main.o
 .debug_macro   0x00017294      0x1b6 ./Core/Src/main.o
 .debug_macro   0x0001744a      0x11b ./Core/Src/main.o
 .debug_macro   0x00017565      0x1d5 ./Core/Src/main.o
 .debug_macro   0x0001773a      0x1bc ./Core/Src/main.o
 .debug_macro   0x000178f6       0x34 ./Core/Src/main.o
 .debug_macro   0x0001792a       0x3c ./Core/Src/main.o
 .debug_macro   0x00017966       0x57 ./Core/Src/main.o
 .debug_macro   0x000179bd      0x87d ./Core/Src/main.o
 .debug_macro   0x0001823a       0x77 ./Core/Src/main.o
 .debug_macro   0x000182b1      0x18b ./Core/Src/main.o
 .debug_macro   0x0001843c       0x5d ./Core/Src/main.o
 .debug_macro   0x00018499       0xc5 ./Core/Src/main.o
 .debug_macro   0x0001855e      0x19f ./Core/Src/main.o
 .debug_macro   0x000186fd      0x22c ./Core/Src/main.o
 .debug_macro   0x00018929       0x5b ./Core/Src/main.o
 .debug_macro   0x00018984       0xa5 ./Core/Src/main.o
 .debug_macro   0x00018a29       0x81 ./Core/Src/main.o
 .debug_macro   0x00018aaa       0xd3 ./Core/Src/main.o
 .debug_macro   0x00018b7d      0xa3d ./Core/Src/main.o
 .debug_macro   0x000195ba       0x59 ./Core/Src/main.o
 .debug_macro   0x00019613      0x5a5 ./Core/Src/main.o
 .debug_macro   0x00019bb8       0x44 ./Core/Src/main.o
 .debug_macro   0x00019bfc      0x285 ./Core/Src/main.o
 .debug_macro   0x00019e81       0x52 ./Core/Src/main.o
 .debug_macro   0x00019ed3       0x1e ./Core/Src/main.o
 .debug_macro   0x00019ef1       0x3c ./Core/Src/main.o
 .debug_macro   0x00019f2d       0x34 ./Core/Src/main.o
 .debug_macro   0x00019f61       0x46 ./Core/Src/main.o
 .debug_macro   0x00019fa7       0x10 ./Core/Src/main.o
 .debug_macro   0x00019fb7       0x34 ./Core/Src/main.o
 .debug_macro   0x00019feb       0x40 ./Core/Src/main.o
 .debug_macro   0x0001a02b      0x25d ./Core/Src/stm32f3xx_hal_msp.o
 .debug_macro   0x0001a288      0x267 ./Core/Src/stm32f3xx_it.o
 .debug_macro   0x0001a4ef      0x1f3 ./Core/Src/system_stm32f3xx.o
 .debug_macro   0x0001a6e2      0x217 ./Drivers/STM32F3xx_HAL_Driver/Src/stm32f3xx_hal.o
 .debug_macro   0x0001a8f9      0x1f4 ./Drivers/STM32F3xx_HAL_Driver/Src/stm32f3xx_hal_adc.o
 .debug_macro   0x0001aaed      0x21d ./Drivers/STM32F3xx_HAL_Driver/Src/stm32f3xx_hal_adc_ex.o
 .debug_macro   0x0001ad0a      0x1f3 ./Drivers/STM32F3xx_HAL_Driver/Src/stm32f3xx_hal_cortex.o
 .debug_macro   0x0001aefd      0x1f4 ./Drivers/STM32F3xx_HAL_Driver/Src/stm32f3xx_hal_dac.o
 .debug_macro   0x0001b0f1      0x1f3 ./Drivers/STM32F3xx_HAL_Driver/Src/stm32f3xx_hal_dac_ex.o
 .debug_macro   0x0001b2e4      0x1f3 ./Drivers/STM32F3xx_HAL_Driver/Src/stm32f3xx_hal_dma.o
 .debug_macro   0x0001b4d7      0x1fa ./Drivers/STM32F3xx_HAL_Driver/Src/stm32f3xx_hal_gpio.o
 .debug_macro   0x0001b6d1      0x2b8 ./Drivers/STM32F3xx_HAL_Driver/Src/stm32f3xx_hal_i2c.o
 .debug_macro   0x0001b989      0x1f3 ./Drivers/STM32F3xx_HAL_Driver/Src/stm32f3xx_hal_i2c_ex.o
 .debug_macro   0x0001bb7c      0x217 ./Drivers/STM32F3xx_HAL_Driver/Src/stm32f3xx_hal_rcc.o
 .debug_macro   0x0001bd93      0x1f3 ./Drivers/STM32F3xx_HAL_Driver/Src/stm32f3xx_hal_rcc_ex.o
 .debug_macro   0x0001bf86      0x1f4 ./Drivers/STM32F3xx_HAL_Driver/Src/stm32f3xx_hal_tim.o
 .debug_macro   0x0001c17a      0x1f3 ./Drivers/STM32F3xx_HAL_Driver/Src/stm32f3xx_hal_tim_ex.o
 .debug_macro   0x0001c36d      0x210 ./Drivers/STM32F3xx_HAL_Driver/Src/stm32f3xx_hal_uart.o
 .debug_macro   0x0001c57d      0x322 ./Drivers/ssd1306/ssd1306.o
 .debug_macro   0x0001c89f       0x28 ./Drivers/ssd1306/ssd1306.o
 .debug_macro   0x0001c8c7      0x19b ./Drivers/ssd1306/ssd1306.o
 .debug_macro   0x0001ca62       0x16 ./Drivers/ssd1306/ssd1306.o
 .debug_macro   0x0001ca78       0x76 ./Drivers/ssd1306/ssd1306_fonts.o

.debug_line     0x00000000    0x15b3a
 .debug_line    0x00000000      0x95a ./Core/Src/main.o
 .debug_line    0x0000095a      0x7f5 ./Core/Src/stm32f3xx_hal_msp.o
 .debug_line    0x0000114f      0x706 ./Core/Src/stm32f3xx_it.o
 .debug_line    0x00001855      0x584 ./Core/Src/system_stm32f3xx.o
 .debug_line    0x00001dd9       0x88 ./Core/Startup/startup_stm32f303k8tx.o
 .debug_line    0x00001e61      0x7b9 ./Drivers/STM32F3xx_HAL_Driver/Src/stm32f3xx_hal.o
 .debug_line    0x0000261a      0x6fd ./Drivers/STM32F3xx_HAL_Driver/Src/stm32f3xx_hal_adc.o
 .debug_line    0x00002d17     0x1eac ./Drivers/STM32F3xx_HAL_Driver/Src/stm32f3xx_hal_adc_ex.o
 .debug_line    0x00004bc3      0x9a1 ./Drivers/STM32F3xx_HAL_Driver/Src/stm32f3xx_hal_cortex.o
 .debug_line    0x00005564      0x705 ./Drivers/STM32F3xx_HAL_Driver/Src/stm32f3xx_hal_dac.o
 .debug_line    0x00005c69      0x958 ./Drivers/STM32F3xx_HAL_Driver/Src/stm32f3xx_hal_dac_ex.o
 .debug_line    0x000065c1      0xaa7 ./Drivers/STM32F3xx_HAL_Driver/Src/stm32f3xx_hal_dma.o
 .debug_line    0x00007068      0x906 ./Drivers/STM32F3xx_HAL_Driver/Src/stm32f3xx_hal_gpio.o
 .debug_line    0x0000796e     0x30c8 ./Drivers/STM32F3xx_HAL_Driver/Src/stm32f3xx_hal_i2c.o
 .debug_line    0x0000aa36      0x72b ./Drivers/STM32F3xx_HAL_Driver/Src/stm32f3xx_hal_i2c_ex.o
 .debug_line    0x0000b161     0x1196 ./Drivers/STM32F3xx_HAL_Driver/Src/stm32f3xx_hal_rcc.o
 .debug_line    0x0000c2f7      0x85c ./Drivers/STM32F3xx_HAL_Driver/Src/stm32f3xx_hal_rcc_ex.o
 .debug_line    0x0000cb53     0x39ed ./Drivers/STM32F3xx_HAL_Driver/Src/stm32f3xx_hal_tim.o
 .debug_line    0x00010540     0x182c ./Drivers/STM32F3xx_HAL_Driver/Src/stm32f3xx_hal_tim_ex.o
 .debug_line    0x00011d6c     0x2ecd ./Drivers/STM32F3xx_HAL_Driver/Src/stm32f3xx_hal_uart.o
 .debug_line    0x00014c39      0xd91 ./Drivers/ssd1306/ssd1306.o
 .debug_line    0x000159ca      0x170 ./Drivers/ssd1306/ssd1306_fonts.o

.debug_str      0x00000000    0xae94f
 .debug_str     0x00000000    0xa6aa7 ./Core/Src/main.o
                              0xa6fd9 (size before relaxing)
 .debug_str     0x000a6aa7      0x1c2 ./Core/Src/stm32f3xx_hal_msp.o
                              0xa6a5f (size before relaxing)
 .debug_str     0x000a6c69      0x108 ./Core/Src/stm32f3xx_it.o
                              0xa5e1b (size before relaxing)
 .debug_str     0x000a6d71       0xdf ./Core/Src/system_stm32f3xx.o
                              0xa5329 (size before relaxing)
 .debug_str     0x000a6e50       0x36 ./Core/Startup/startup_stm32f303k8tx.o
                                 0x74 (size before relaxing)
 .debug_str     0x000a6e86      0x386 ./Drivers/STM32F3xx_HAL_Driver/Src/stm32f3xx_hal.o
                              0xa59ca (size before relaxing)
 .debug_str     0x000a720c      0x22a ./Drivers/STM32F3xx_HAL_Driver/Src/stm32f3xx_hal_adc.o
                              0xa5916 (size before relaxing)
 .debug_str     0x000a7436      0x6ba ./Drivers/STM32F3xx_HAL_Driver/Src/stm32f3xx_hal_adc_ex.o
                              0xa5f65 (size before relaxing)
 .debug_str     0x000a7af0      0x28e ./Drivers/STM32F3xx_HAL_Driver/Src/stm32f3xx_hal_cortex.o
                              0xa593e (size before relaxing)
 .debug_str     0x000a7d7e      0x17c ./Drivers/STM32F3xx_HAL_Driver/Src/stm32f3xx_hal_dac.o
                              0xa571f (size before relaxing)
 .debug_str     0x000a7efa      0x1a5 ./Drivers/STM32F3xx_HAL_Driver/Src/stm32f3xx_hal_dac_ex.o
                              0xa57b1 (size before relaxing)
 .debug_str     0x000a809f      0x248 ./Drivers/STM32F3xx_HAL_Driver/Src/stm32f3xx_hal_dma.o
                              0xa5665 (size before relaxing)
 .debug_str     0x000a82e7      0x169 ./Drivers/STM32F3xx_HAL_Driver/Src/stm32f3xx_hal_gpio.o
                              0xa5508 (size before relaxing)
 .debug_str     0x000a8450      0xdbc ./Drivers/STM32F3xx_HAL_Driver/Src/stm32f3xx_hal_i2c.o
                              0xa6553 (size before relaxing)
 .debug_str     0x000a920c       0xb8 ./Drivers/STM32F3xx_HAL_Driver/Src/stm32f3xx_hal_i2c_ex.o
                              0xa58ba (size before relaxing)
 .debug_str     0x000a92c4      0x2ec ./Drivers/STM32F3xx_HAL_Driver/Src/stm32f3xx_hal_rcc.o
                              0xa57a2 (size before relaxing)
 .debug_str     0x000a95b0       0xd8 ./Drivers/STM32F3xx_HAL_Driver/Src/stm32f3xx_hal_rcc_ex.o
                              0xa548f (size before relaxing)
 .debug_str     0x000a9688      0xdc4 ./Drivers/STM32F3xx_HAL_Driver/Src/stm32f3xx_hal_tim.o
                              0xa66ae (size before relaxing)
 .debug_str     0x000aa44c      0x494 ./Drivers/STM32F3xx_HAL_Driver/Src/stm32f3xx_hal_tim_ex.o
                              0xa5eb2 (size before relaxing)
 .debug_str     0x000aa8e0      0x86e ./Drivers/STM32F3xx_HAL_Driver/Src/stm32f3xx_hal_uart.o
                              0xa5f7b (size before relaxing)
 .debug_str     0x000ab14e     0x379b ./Drivers/ssd1306/ssd1306.o
                              0xa93f2 (size before relaxing)
 .debug_str     0x000ae8e9       0x66 ./Drivers/ssd1306/ssd1306_fonts.o
                               0x3d98 (size before relaxing)

.comment        0x00000000       0x49
 .comment       0x00000000       0x49 ./Core/Src/main.o
                                 0x4a (size before relaxing)
 .comment       0x00000049       0x4a ./Core/Src/stm32f3xx_hal_msp.o
 .comment       0x00000049       0x4a ./Core/Src/stm32f3xx_it.o
 .comment       0x00000049       0x4a ./Core/Src/system_stm32f3xx.o
 .comment       0x00000049       0x4a ./Drivers/STM32F3xx_HAL_Driver/Src/stm32f3xx_hal.o
 .comment       0x00000049       0x4a ./Drivers/STM32F3xx_HAL_Driver/Src/stm32f3xx_hal_adc.o
 .comment       0x00000049       0x4a ./Drivers/STM32F3xx_HAL_Driver/Src/stm32f3xx_hal_adc_ex.o
 .comment       0x00000049       0x4a ./Drivers/STM32F3xx_HAL_Driver/Src/stm32f3xx_hal_cortex.o
 .comment       0x00000049       0x4a ./Drivers/STM32F3xx_HAL_Driver/Src/stm32f3xx_hal_dac.o
 .comment       0x00000049       0x4a ./Drivers/STM32F3xx_HAL_Driver/Src/stm32f3xx_hal_dac_ex.o
 .comment       0x00000049       0x4a ./Drivers/STM32F3xx_HAL_Driver/Src/stm32f3xx_hal_dma.o
 .comment       0x00000049       0x4a ./Drivers/STM32F3xx_HAL_Driver/Src/stm32f3xx_hal_gpio.o
 .comment       0x00000049       0x4a ./Drivers/STM32F3xx_HAL_Driver/Src/stm32f3xx_hal_i2c.o
 .comment       0x00000049       0x4a ./Drivers/STM32F3xx_HAL_Driver/Src/stm32f3xx_hal_i2c_ex.o
 .comment       0x00000049       0x4a ./Drivers/STM32F3xx_HAL_Driver/Src/stm32f3xx_hal_rcc.o
 .comment       0x00000049       0x4a ./Drivers/STM32F3xx_HAL_Driver/Src/stm32f3xx_hal_rcc_ex.o
 .comment       0x00000049       0x4a ./Drivers/STM32F3xx_HAL_Driver/Src/stm32f3xx_hal_tim.o
 .comment       0x00000049       0x4a ./Drivers/STM32F3xx_HAL_Driver/Src/stm32f3xx_hal_tim_ex.o
 .comment       0x00000049       0x4a ./Drivers/STM32F3xx_HAL_Driver/Src/stm32f3xx_hal_uart.o
 .comment       0x00000049       0x4a ./Drivers/ssd1306/ssd1306.o
 .comment       0x00000049       0x4a ./Drivers/ssd1306/ssd1306_fonts.o

.debug_frame    0x00000000     0x5644
 .debug_frame   0x00000000      0x184 ./Core/Src/main.o
 .debug_frame   0x00000184      0x1c4 ./Core/Src/stm32f3xx_hal_msp.o
 .debug_frame   0x00000348      0x174 ./Core/Src/stm32f3xx_it.o
 .debug_frame   0x000004bc       0x58 ./Core/Src/system_stm32f3xx.o
 .debug_frame   0x00000514      0x334 ./Drivers/STM32F3xx_HAL_Driver/Src/stm32f3xx_hal.o
 .debug_frame   0x00000848      0x380 ./Drivers/STM32F3xx_HAL_Driver/Src/stm32f3xx_hal_adc.o
 .debug_frame   0x00000bc8      0x638 ./Drivers/STM32F3xx_HAL_Driver/Src/stm32f3xx_hal_adc_ex.o
 .debug_frame   0x00001200      0x428 ./Drivers/STM32F3xx_HAL_Driver/Src/stm32f3xx_hal_cortex.o
 .debug_frame   0x00001628      0x2d4 ./Drivers/STM32F3xx_HAL_Driver/Src/stm32f3xx_hal_dac.o
 .debug_frame   0x000018fc      0x310 ./Drivers/STM32F3xx_HAL_Driver/Src/stm32f3xx_hal_dac_ex.o
 .debug_frame   0x00001c0c      0x224 ./Drivers/STM32F3xx_HAL_Driver/Src/stm32f3xx_hal_dma.o
 .debug_frame   0x00001e30      0x14c ./Drivers/STM32F3xx_HAL_Driver/Src/stm32f3xx_hal_gpio.o
 .debug_frame   0x00001f7c      0xbe8 ./Drivers/STM32F3xx_HAL_Driver/Src/stm32f3xx_hal_i2c.o
 .debug_frame   0x00002b64      0x100 ./Drivers/STM32F3xx_HAL_Driver/Src/stm32f3xx_hal_i2c_ex.o
 .debug_frame   0x00002c64      0x214 ./Drivers/STM32F3xx_HAL_Driver/Src/stm32f3xx_hal_rcc.o
 .debug_frame   0x00002e78       0xb4 ./Drivers/STM32F3xx_HAL_Driver/Src/stm32f3xx_hal_rcc_ex.o
 .debug_frame   0x00002f2c     0x121c ./Drivers/STM32F3xx_HAL_Driver/Src/stm32f3xx_hal_tim.o
 .debug_frame   0x00004148      0x688 ./Drivers/STM32F3xx_HAL_Driver/Src/stm32f3xx_hal_tim_ex.o
 .debug_frame   0x000047d0      0x9e8 ./Drivers/STM32F3xx_HAL_Driver/Src/stm32f3xx_hal_uart.o
 .debug_frame   0x000051b8      0x3c0 ./Drivers/ssd1306/ssd1306.o
 .debug_frame   0x00005578       0x2c c:/gcc_arm/bin/../lib/gcc/arm-none-eabi/10.3.1/../../../../arm-none-eabi/lib/thumb/v7e-m+fp/hard\libc_nano.a(lib_a-init.o)
 .debug_frame   0x000055a4       0x38 c:/gcc_arm/bin/../lib/gcc/arm-none-eabi/10.3.1/../../../../arm-none-eabi/lib/thumb/v7e-m+fp/hard\libc_nano.a(lib_a-itoa.o)
 .debug_frame   0x000055dc       0x20 c:/gcc_arm/bin/../lib/gcc/arm-none-eabi/10.3.1/../../../../arm-none-eabi/lib/thumb/v7e-m+fp/hard\libc_nano.a(lib_a-memset.o)
 .debug_frame   0x000055fc       0x48 c:/gcc_arm/bin/../lib/gcc/arm-none-eabi/10.3.1/../../../../arm-none-eabi/lib/thumb/v7e-m+fp/hard\libc_nano.a(lib_a-utoa.o)
