../Drivers/ssd1306/ssd1306_tests.c:112:6:ssd1306_TestBorder	24	static
../Drivers/ssd1306/ssd1306_tests.c:141:6:ssd1306_TestFonts1	16	static
../Drivers/ssd1306/ssd1306_tests.c:174:6:ssd1306_TestFonts2	8	static
../Drivers/ssd1306/ssd1306_tests.c:189:6:ssd1306_TestFPS	112	static
../Drivers/ssd1306/ssd1306_tests.c:227:6:ssd1306_TestLine	16	static
../Drivers/ssd1306/ssd1306_tests.c:235:6:ssd1306_TestRectangle	32	static
../Drivers/ssd1306/ssd1306_tests.c:245:6:ssd1306_TestRectangleFill	16	static
../Drivers/ssd1306/ssd1306_tests.c:253:6:ssd1306_TestCircle	16	static
../Drivers/ssd1306/ssd1306_tests.c:268:6:ssd1306_TestArc	16	static
../Drivers/ssd1306/ssd1306_tests.c:275:6:ssd1306_TestPolyline	32	static
../Drivers/ssd1306/ssd1306_tests.c:292:6:ssd1306_TestDrawBitmap	16	static
../Drivers/ssd1306/ssd1306_tests.c:307:6:ssd1306_TestAll	8	static
