../Core/Src/main.c:96:5:main	32	static
../Core/Src/main.c:180:6:SystemClock_Config	96	static
../Core/Src/main.c:229:13:MX_ADC1_Init	48	static
../Core/Src/main.c:314:13:MX_DAC1_Init	24	static
../Core/Src/main.c:362:13:MX_I2C1_Init	8	static
../Core/Src/main.c:410:13:MX_TIM1_Init	96	static
../Core/Src/main.c:490:13:MX_USART2_UART_Init	8	static
../Core/Src/main.c:523:13:MX_DMA_Init	16	static
../Core/Src/main.c:547:13:MX_GPIO_Init	24	static
../Core/Src/main.c:558:6:HAL_TIM_PeriodElapsedCallback	16	static
../Core/Src/main.c:599:6:Error_Handler	4	static
