../Core/Src/main.c:98:5:main	48	static
../Core/Src/main.c:187:6:SystemClock_Config	96	static
../Core/Src/main.c:236:13:MX_ADC1_Init	48	static
../Core/Src/main.c:321:13:MX_DAC1_Init	24	static
../Core/Src/main.c:369:13:MX_I2C1_Init	8	static
../Core/Src/main.c:417:13:MX_TIM1_Init	96	static
../Core/Src/main.c:497:13:MX_USART2_UART_Init	8	static
../Core/Src/main.c:530:13:MX_DMA_Init	16	static
../Core/Src/main.c:554:13:MX_GPIO_Init	24	static
../Core/Src/main.c:565:6:HAL_TIM_PeriodElapsedCallback	16	static
../Core/Src/main.c:606:6:Error_Handler	4	static
