Archive member included to satisfy reference by file (symbol)

c:/gcc_arm/bin/../lib/gcc/arm-none-eabi/10.3.1/../../../../arm-none-eabi/lib/thumb/v7e-m+fp/hard\libc_nano.a(lib_a-errno.o)
                              ./Core/Src/syscalls.o (__errno)
c:/gcc_arm/bin/../lib/gcc/arm-none-eabi/10.3.1/../../../../arm-none-eabi/lib/thumb/v7e-m+fp/hard\libc_nano.a(lib_a-exit.o)
                              c:/gcc_arm/bin/../lib/gcc/arm-none-eabi/10.3.1/../../../../arm-none-eabi/lib/thumb/v7e-m+fp/hard/crt0.o (exit)
c:/gcc_arm/bin/../lib/gcc/arm-none-eabi/10.3.1/../../../../arm-none-eabi/lib/thumb/v7e-m+fp/hard\libc_nano.a(lib_a-impure.o)
                              c:/gcc_arm/bin/../lib/gcc/arm-none-eabi/10.3.1/../../../../arm-none-eabi/lib/thumb/v7e-m+fp/hard\libc_nano.a(lib_a-exit.o) (_global_impure_ptr)
c:/gcc_arm/bin/../lib/gcc/arm-none-eabi/10.3.1/../../../../arm-none-eabi/lib/thumb/v7e-m+fp/hard\libc_nano.a(lib_a-init.o)
                              c:/gcc_arm/bin/../lib/gcc/arm-none-eabi/10.3.1/../../../../arm-none-eabi/lib/thumb/v7e-m+fp/hard/crt0.o (__libc_init_array)
c:/gcc_arm/bin/../lib/gcc/arm-none-eabi/10.3.1/../../../../arm-none-eabi/lib/thumb/v7e-m+fp/hard\libc_nano.a(lib_a-memset.o)
                              c:/gcc_arm/bin/../lib/gcc/arm-none-eabi/10.3.1/../../../../arm-none-eabi/lib/thumb/v7e-m+fp/hard/crt0.o (memset)

Discarded input sections

 .text          0x00000000        0x0 c:/gcc_arm/bin/../lib/gcc/arm-none-eabi/10.3.1/thumb/v7e-m+fp/hard/crti.o
 .data          0x00000000        0x0 c:/gcc_arm/bin/../lib/gcc/arm-none-eabi/10.3.1/thumb/v7e-m+fp/hard/crti.o
 .bss           0x00000000        0x0 c:/gcc_arm/bin/../lib/gcc/arm-none-eabi/10.3.1/thumb/v7e-m+fp/hard/crti.o
 .data          0x00000000        0x4 c:/gcc_arm/bin/../lib/gcc/arm-none-eabi/10.3.1/thumb/v7e-m+fp/hard/crtbegin.o
 .rodata        0x00000000       0x24 c:/gcc_arm/bin/../lib/gcc/arm-none-eabi/10.3.1/thumb/v7e-m+fp/hard/crtbegin.o
 .text          0x00000000       0x7c c:/gcc_arm/bin/../lib/gcc/arm-none-eabi/10.3.1/../../../../arm-none-eabi/lib/thumb/v7e-m+fp/hard/crt0.o
 .data          0x00000000        0x0 c:/gcc_arm/bin/../lib/gcc/arm-none-eabi/10.3.1/../../../../arm-none-eabi/lib/thumb/v7e-m+fp/hard/crt0.o
 .bss           0x00000000        0x0 c:/gcc_arm/bin/../lib/gcc/arm-none-eabi/10.3.1/../../../../arm-none-eabi/lib/thumb/v7e-m+fp/hard/crt0.o
 .ARM.extab     0x00000000        0x0 c:/gcc_arm/bin/../lib/gcc/arm-none-eabi/10.3.1/../../../../arm-none-eabi/lib/thumb/v7e-m+fp/hard/crt0.o
 .ARM.exidx     0x00000000       0x10 c:/gcc_arm/bin/../lib/gcc/arm-none-eabi/10.3.1/../../../../arm-none-eabi/lib/thumb/v7e-m+fp/hard/crt0.o
 .ARM.attributes
                0x00000000       0x1c c:/gcc_arm/bin/../lib/gcc/arm-none-eabi/10.3.1/../../../../arm-none-eabi/lib/thumb/v7e-m+fp/hard/crt0.o
 .group         0x00000000        0xc ./Core/Src/adc.o
 .group         0x00000000        0xc ./Core/Src/adc.o
 .group         0x00000000        0xc ./Core/Src/adc.o
 .group         0x00000000        0xc ./Core/Src/adc.o
 .group         0x00000000        0xc ./Core/Src/adc.o
 .group         0x00000000        0xc ./Core/Src/adc.o
 .group         0x00000000        0xc ./Core/Src/adc.o
 .group         0x00000000        0xc ./Core/Src/adc.o
 .group         0x00000000        0xc ./Core/Src/adc.o
 .group         0x00000000        0xc ./Core/Src/adc.o
 .group         0x00000000        0xc ./Core/Src/adc.o
 .group         0x00000000        0xc ./Core/Src/adc.o
 .group         0x00000000        0xc ./Core/Src/adc.o
 .group         0x00000000        0xc ./Core/Src/adc.o
 .group         0x00000000        0xc ./Core/Src/adc.o
 .group         0x00000000        0xc ./Core/Src/adc.o
 .group         0x00000000        0xc ./Core/Src/adc.o
 .group         0x00000000        0xc ./Core/Src/adc.o
 .group         0x00000000        0xc ./Core/Src/adc.o
 .group         0x00000000        0xc ./Core/Src/adc.o
 .group         0x00000000        0xc ./Core/Src/adc.o
 .group         0x00000000        0xc ./Core/Src/adc.o
 .group         0x00000000        0xc ./Core/Src/adc.o
 .group         0x00000000        0xc ./Core/Src/adc.o
 .group         0x00000000        0xc ./Core/Src/adc.o
 .group         0x00000000        0xc ./Core/Src/adc.o
 .group         0x00000000        0xc ./Core/Src/adc.o
 .group         0x00000000        0xc ./Core/Src/adc.o
 .group         0x00000000        0xc ./Core/Src/adc.o
 .group         0x00000000        0xc ./Core/Src/adc.o
 .group         0x00000000        0xc ./Core/Src/adc.o
 .group         0x00000000        0xc ./Core/Src/adc.o
 .group         0x00000000        0xc ./Core/Src/adc.o
 .group         0x00000000        0xc ./Core/Src/adc.o
 .group         0x00000000        0xc ./Core/Src/adc.o
 .group         0x00000000        0xc ./Core/Src/adc.o
 .group         0x00000000        0xc ./Core/Src/adc.o
 .group         0x00000000        0xc ./Core/Src/adc.o
[...]
Memory Configuration

Name             Origin             Length             Attributes
CCMRAM           0x10000000         0x00001000         xrw
RAM              0x20000000         0x00003000         xrw
FLASH            0x08000000         0x00010000         xr
*default*        0x00000000         0xffffffff

Linker script and memory map

LOAD c:/gcc_arm/bin/../lib/gcc/arm-none-eabi/10.3.1/thumb/v7e-m+fp/hard/crti.o
LOAD c:/gcc_arm/bin/../lib/gcc/arm-none-eabi/10.3.1/thumb/v7e-m+fp/hard/crtbegin.o
LOAD c:/gcc_arm/bin/../lib/gcc/arm-none-eabi/10.3.1/../../../../arm-none-eabi/lib/thumb/v7e-m+fp/hard/crt0.o
LOAD ./Core/Src/adc.o
LOAD ./Core/Src/dac.o
LOAD ./Core/Src/dma.o
LOAD ./Core/Src/gpio.o
LOAD ./Core/Src/main.o
LOAD ./Core/Src/stm32f3xx_hal_msp.o
LOAD ./Core/Src/stm32f3xx_it.o
LOAD ./Core/Src/syscalls.o
LOAD ./Core/Src/sysmem.o
LOAD ./Core/Src/system_stm32f3xx.o
LOAD ./Core/Src/tim.o
LOAD ./Core/Src/usart.o
LOAD ./Core/Startup/startup_stm32f303k8tx.o
LOAD ./Drivers/STM32F3xx_HAL_Driver/Src/stm32f3xx_hal.o
LOAD ./Drivers/STM32F3xx_HAL_Driver/Src/stm32f3xx_hal_adc.o
LOAD ./Drivers/STM32F3xx_HAL_Driver/Src/stm32f3xx_hal_adc_ex.o
LOAD ./Drivers/STM32F3xx_HAL_Driver/Src/stm32f3xx_hal_cortex.o
LOAD ./Drivers/STM32F3xx_HAL_Driver/Src/stm32f3xx_hal_dac.o
LOAD ./Drivers/STM32F3xx_HAL_Driver/Src/stm32f3xx_hal_dac_ex.o
LOAD ./Drivers/STM32F3xx_HAL_Driver/Src/stm32f3xx_hal_dma.o
LOAD ./Drivers/STM32F3xx_HAL_Driver/Src/stm32f3xx_hal_exti.o
LOAD ./Drivers/STM32F3xx_HAL_Driver/Src/stm32f3xx_hal_flash.o
LOAD ./Drivers/STM32F3xx_HAL_Driver/Src/stm32f3xx_hal_flash_ex.o
LOAD ./Drivers/STM32F3xx_HAL_Driver/Src/stm32f3xx_hal_gpio.o
LOAD ./Drivers/STM32F3xx_HAL_Driver/Src/stm32f3xx_hal_i2c.o
LOAD ./Drivers/STM32F3xx_HAL_Driver/Src/stm32f3xx_hal_i2c_ex.o
LOAD ./Drivers/STM32F3xx_HAL_Driver/Src/stm32f3xx_hal_pwr.o
LOAD ./Drivers/STM32F3xx_HAL_Driver/Src/stm32f3xx_hal_pwr_ex.o
LOAD ./Drivers/STM32F3xx_HAL_Driver/Src/stm32f3xx_hal_rcc.o
LOAD ./Drivers/STM32F3xx_HAL_Driver/Src/stm32f3xx_hal_rcc_ex.o
LOAD ./Drivers/STM32F3xx_HAL_Driver/Src/stm32f3xx_hal_tim.o
LOAD ./Drivers/STM32F3xx_HAL_Driver/Src/stm32f3xx_hal_tim_ex.o
LOAD ./Drivers/STM32F3xx_HAL_Driver/Src/stm32f3xx_hal_uart.o
LOAD ./Drivers/STM32F3xx_HAL_Driver/Src/stm32f3xx_hal_uart_ex.o
START GROUP
LOAD c:/gcc_arm/bin/../lib/gcc/arm-none-eabi/10.3.1/../../../../arm-none-eabi/lib/thumb/v7e-m+fp/hard\libc_nano.a
LOAD c:/gcc_arm/bin/../lib/gcc/arm-none-eabi/10.3.1/../../../../arm-none-eabi/lib/thumb/v7e-m+fp/hard\libm.a
END GROUP
START GROUP
LOAD c:/gcc_arm/bin/../lib/gcc/arm-none-eabi/10.3.1/thumb/v7e-m+fp/hard\libgcc.a
LOAD c:/gcc_arm/bin/../lib/gcc/arm-none-eabi/10.3.1/../../../../arm-none-eabi/lib/thumb/v7e-m+fp/hard\libc_nano.a
END GROUP
START GROUP
LOAD c:/gcc_arm/bin/../lib/gcc/arm-none-eabi/10.3.1/thumb/v7e-m+fp/hard\libgcc.a
LOAD c:/gcc_arm/bin/../lib/gcc/arm-none-eabi/10.3.1/../../../../arm-none-eabi/lib/thumb/v7e-m+fp/hard\libc_nano.a
LOAD c:/gcc_arm/bin/../lib/gcc/arm-none-eabi/10.3.1/../../../../arm-none-eabi/lib/thumb/v7e-m+fp/hard\libnosys.a
END GROUP
START GROUP
LOAD c:/gcc_arm/bin/../lib/gcc/arm-none-eabi/10.3.1/thumb/v7e-m+fp/hard\libgcc.a
LOAD c:/gcc_arm/bin/../lib/gcc/arm-none-eabi/10.3.1/../../../../arm-none-eabi/lib/thumb/v7e-m+fp/hard\libc_nano.a
LOAD c:/gcc_arm/bin/../lib/gcc/arm-none-eabi/10.3.1/../../../../arm-none-eabi/lib/thumb/v7e-m+fp/hard\libnosys.a
END GROUP
LOAD c:/gcc_arm/bin/../lib/gcc/arm-none-eabi/10.3.1/thumb/v7e-m+fp/hard/crtend.o
LOAD c:/gcc_arm/bin/../lib/gcc/arm-none-eabi/10.3.1/thumb/v7e-m+fp/hard/crtn.o
                0x20003000                _estack = (ORIGIN (RAM) + LENGTH (RAM))
                0x00000200                _Min_Heap_Size = 0x200
                0x00000400                _Min_Stack_Size = 0x400

.isr_vector     0x08000000      0x188
                0x08000000                . = ALIGN (0x4)
 *(.isr_vector)
 .isr_vector    0x08000000      0x188 ./Core/Startup/startup_stm32f303k8tx.o
                0x08000000                g_pfnVectors
                0x08000188                . = ALIGN (0x4)

.text           0x08000188     0x5d58
                0x08000188                . = ALIGN (0x4)
 *(.text)
 .text          0x08000188       0x40 c:/gcc_arm/bin/../lib/gcc/arm-none-eabi/10.3.1/thumb/v7e-m+fp/hard/crtbegin.o
 *(.text*)
 .text.MX_ADC1_Init
                0x080001c8       0xe4 ./Core/Src/adc.o
                0x080001c8                MX_ADC1_Init
 .text.HAL_ADC_MspInit
                0x080002ac       0xe0 ./Core/Src/adc.o
                0x080002ac                HAL_ADC_MspInit
 .text.MX_DAC1_Init
                0x0800038c       0x54 ./Core/Src/dac.o
                0x0800038c                MX_DAC1_Init
 .text.HAL_DAC_MspInit
                0x080003e0       0xe4 ./Core/Src/dac.o
                0x080003e0                HAL_DAC_MspInit
 .text.MX_DMA_Init
                0x080004c4       0x4c ./Core/Src/dma.o
                0x080004c4                MX_DMA_Init
 .text.MX_GPIO_Init
                0x08000510       0x94 ./Core/Src/gpio.o
                0x08000510                MX_GPIO_Init
 .text.main     0x080005a4       0x78 ./Core/Src/main.o
                0x080005a4                main
 .text.SystemClock_Config
                0x0800061c       0x76 ./Core/Src/main.o
                0x0800061c                SystemClock_Config
 *fill*         0x08000692        0x2 
 .text.processDSP
                0x08000694       0x48 ./Core/Src/main.o
                0x08000694                processDSP
 .text.HAL_DAC_ConvCpltCallbackCh1
                0x080006dc       0x1c ./Core/Src/main.o
                0x080006dc                HAL_DAC_ConvCpltCallbackCh1
 .text.HAL_ADC_ConvCpltCallback
                0x080006f8       0x38 ./Core/Src/main.o
                0x080006f8                HAL_ADC_ConvCpltCallback
 .text.HAL_ADC_ConvHalfCpltCallback
                0x08000730       0x30 ./Core/Src/main.o
                0x08000730                HAL_ADC_ConvHalfCpltCallback
 .text.Error_Handler
                0x08000760        0xa ./Core/Src/main.o
                0x08000760                Error_Handler
 .text.assert_failed
                0x0800076a       0x16 ./Core/Src/main.o
                0x0800076a                assert_failed
 .text.HAL_MspInit
                0x08000780       0x48 ./Core/Src/stm32f3xx_hal_msp.o
                0x08000780                HAL_MspInit
 .text.NMI_Handler
                0x080007c8        0x6 ./Core/Src/stm32f3xx_it.o
                0x080007c8                NMI_Handler
 .text.HardFault_Handler
                0x080007ce        0x6 ./Core/Src/stm32f3xx_it.o
                0x080007ce                HardFault_Handler
 .text.MemManage_Handler
                0x080007d4        0x6 ./Core/Src/stm32f3xx_it.o
                0x080007d4                MemManage_Handler
 .text.BusFault_Handler
                0x080007da        0x6 ./Core/Src/stm32f3xx_it.o
                0x080007da                BusFault_Handler
 .text.UsageFault_Handler
                0x080007e0        0x6 ./Core/Src/stm32f3xx_it.o
                0x080007e0                UsageFault_Handler
 .text.SVC_Handler
                0x080007e6        0xe ./Core/Src/stm32f3xx_it.o
                0x080007e6                SVC_Handler
 .text.DebugMon_Handler
                0x080007f4        0xe ./Core/Src/stm32f3xx_it.o
                0x080007f4                DebugMon_Handler
 .text.PendSV_Handler
                0x08000802        0xe ./Core/Src/stm32f3xx_it.o
                0x08000802                PendSV_Handler
 .text.SysTick_Handler
                0x08000810        0xc ./Core/Src/stm32f3xx_it.o
                0x08000810                SysTick_Handler
 .text.DMA1_Channel1_IRQHandler
                0x0800081c       0x14 ./Core/Src/stm32f3xx_it.o
                0x0800081c                DMA1_Channel1_IRQHandler
 .text.DMA1_Channel3_IRQHandler
                0x08000830       0x14 ./Core/Src/stm32f3xx_it.o
                0x08000830                DMA1_Channel3_IRQHandler
 .text.ADC1_2_IRQHandler
                0x08000844       0x14 ./Core/Src/stm32f3xx_it.o
                0x08000844                ADC1_2_IRQHandler
 .text.SystemInit
                0x08000858       0x24 ./Core/Src/system_stm32f3xx.o
                0x08000858                SystemInit
 .text.MX_TIM6_Init
                0x0800087c       0x6c ./Core/Src/tim.o
                0x0800087c                MX_TIM6_Init
 .text.HAL_TIM_Base_MspInit
                0x080008e8       0x40 ./Core/Src/tim.o
                0x080008e8                HAL_TIM_Base_MspInit
 .text.MX_USART2_UART_Init
                0x08000928       0x60 ./Core/Src/usart.o
                0x08000928                MX_USART2_UART_Init
 .text.HAL_UART_MspInit
                0x08000988       0x88 ./Core/Src/usart.o
                0x08000988                HAL_UART_MspInit
 .text.Reset_Handler
                0x08000a10       0x50 ./Core/Startup/startup_stm32f303k8tx.o
                0x08000a10                Reset_Handler
 .text.Default_Handler
                0x08000a60        0x2 ./Core/Startup/startup_stm32f303k8tx.o
                0x08000a60                RTC_Alarm_IRQHandler
                0x08000a60                TIM1_CC_IRQHandler
                0x08000a60                PVD_IRQHandler
                0x08000a60                TAMP_STAMP_IRQHandler
                0x08000a60                EXTI3_IRQHandler
                0x08000a60                EXTI0_IRQHandler
                0x08000a60                FPU_IRQHandler
                0x08000a60                CAN_TX_IRQHandler
                0x08000a60                TIM1_UP_TIM16_IRQHandler
                0x08000a60                SPI1_IRQHandler
                0x08000a60                CAN_SCE_IRQHandler
                0x08000a60                DMA1_Channel4_IRQHandler
                0x08000a60                USART3_IRQHandler
                0x08000a60                DMA1_Channel7_IRQHandler
                0x08000a60                TIM7_DAC2_IRQHandler
                0x08000a60                CAN_RX1_IRQHandler
                0x08000a60                I2C1_EV_IRQHandler
                0x08000a60                DMA1_Channel6_IRQHandler
                0x08000a60                TIM3_IRQHandler
                0x08000a60                RCC_IRQHandler
                0x08000a60                Default_Handler
                0x08000a60                EXTI15_10_IRQHandler
                0x08000a60                COMP2_IRQHandler
                0x08000a60                TIM6_DAC1_IRQHandler
                0x08000a60                EXTI9_5_IRQHandler
                0x08000a60                RTC_WKUP_IRQHandler
                0x08000a60                DMA1_Channel5_IRQHandler
                0x08000a60                EXTI4_IRQHandler
                0x08000a60                TIM1_TRG_COM_TIM17_IRQHandler
                0x08000a60                WWDG_IRQHandler
                0x08000a60                TIM2_IRQHandler
                0x08000a60                EXTI1_IRQHandler
                0x08000a60                COMP4_6_IRQHandler
                0x08000a60                USART2_IRQHandler
                0x08000a60                DMA1_Channel2_IRQHandler
                0x08000a60                FLASH_IRQHandler
                0x08000a60                USART1_IRQHandler
                0x08000a60                CAN_RX0_IRQHandler
                0x08000a60                I2C1_ER_IRQHandler
                0x08000a60                EXTI2_TSC_IRQHandler
                0x08000a60                TIM1_BRK_TIM15_IRQHandler
 *fill*         0x08000a62        0x2 
 .text.HAL_Init
                0x08000a64       0x2c ./Drivers/STM32F3xx_HAL_Driver/Src/stm32f3xx_hal.o
                0x08000a64                HAL_Init
 .text.HAL_InitTick
                0x08000a90       0x60 ./Drivers/STM32F3xx_HAL_Driver/Src/stm32f3xx_hal.o
                0x08000a90                HAL_InitTick
 .text.HAL_IncTick
                0x08000af0       0x28 ./Drivers/STM32F3xx_HAL_Driver/Src/stm32f3xx_hal.o
                0x08000af0                HAL_IncTick
 .text.HAL_GetTick
                0x08000b18       0x18 ./Drivers/STM32F3xx_HAL_Driver/Src/stm32f3xx_hal.o
                0x08000b18                HAL_GetTick
 .text.HAL_ADC_LevelOutOfWindowCallback
                0x08000b30       0x14 ./Drivers/STM32F3xx_HAL_Driver/Src/stm32f3xx_hal_adc.o
                0x08000b30                HAL_ADC_LevelOutOfWindowCallback
 .text.HAL_ADC_ErrorCallback
                0x08000b44       0x14 ./Drivers/STM32F3xx_HAL_Driver/Src/stm32f3xx_hal_adc.o
                0x08000b44                HAL_ADC_ErrorCallback
 .text.HAL_ADC_Init
                0x08000b58      0x58c ./Drivers/STM32F3xx_HAL_Driver/Src/stm32f3xx_hal_adc_ex.o
                0x08000b58                HAL_ADC_Init
 .text.HAL_ADC_Start_DMA
                0x080010e4      0x1d8 ./Drivers/STM32F3xx_HAL_Driver/Src/stm32f3xx_hal_adc_ex.o
                0x080010e4                HAL_ADC_Start_DMA
 .text.HAL_ADC_IRQHandler
                0x080012bc      0x49c ./Drivers/STM32F3xx_HAL_Driver/Src/stm32f3xx_hal_adc_ex.o
                0x080012bc                HAL_ADC_IRQHandler
 .text.HAL_ADCEx_InjectedConvCpltCallback
                0x08001758       0x14 ./Drivers/STM32F3xx_HAL_Driver/Src/stm32f3xx_hal_adc_ex.o
                0x08001758                HAL_ADCEx_InjectedConvCpltCallback
 .text.HAL_ADCEx_InjectedQueueOverflowCallback
                0x0800176c       0x14 ./Drivers/STM32F3xx_HAL_Driver/Src/stm32f3xx_hal_adc_ex.o
                0x0800176c                HAL_ADCEx_InjectedQueueOverflowCallback
 .text.HAL_ADCEx_LevelOutOfWindow2Callback
                0x08001780       0x14 ./Drivers/STM32F3xx_HAL_Driver/Src/stm32f3xx_hal_adc_ex.o
                0x08001780                HAL_ADCEx_LevelOutOfWindow2Callback
 .text.HAL_ADCEx_LevelOutOfWindow3Callback
                0x08001794       0x14 ./Drivers/STM32F3xx_HAL_Driver/Src/stm32f3xx_hal_adc_ex.o
                0x08001794                HAL_ADCEx_LevelOutOfWindow3Callback
 .text.HAL_ADC_ConfigChannel
                0x080017a8      0x878 ./Drivers/STM32F3xx_HAL_Driver/Src/stm32f3xx_hal_adc_ex.o
                0x080017a8                HAL_ADC_ConfigChannel
 .text.HAL_ADCEx_MultiModeConfigChannel
                0x08002020      0x29c ./Drivers/STM32F3xx_HAL_Driver/Src/stm32f3xx_hal_adc_ex.o
                0x08002020                HAL_ADCEx_MultiModeConfigChannel
 .text.ADC_DMAConvCplt
                0x080022bc       0x7a ./Drivers/STM32F3xx_HAL_Driver/Src/stm32f3xx_hal_adc_ex.o
 .text.ADC_DMAHalfConvCplt
                0x08002336       0x1c ./Drivers/STM32F3xx_HAL_Driver/Src/stm32f3xx_hal_adc_ex.o
 .text.ADC_DMAError
                0x08002352       0x34 ./Drivers/STM32F3xx_HAL_Driver/Src/stm32f3xx_hal_adc_ex.o
 *fill*         0x08002386        0x2 
 .text.ADC_Enable
                0x08002388       0xc8 ./Drivers/STM32F3xx_HAL_Driver/Src/stm32f3xx_hal_adc_ex.o
 .text.ADC_Disable
                0x08002450       0xcc ./Drivers/STM32F3xx_HAL_Driver/Src/stm32f3xx_hal_adc_ex.o
 .text.__NVIC_SetPriorityGrouping
                0x0800251c       0x48 ./Drivers/STM32F3xx_HAL_Driver/Src/stm32f3xx_hal_cortex.o
 .text.__NVIC_GetPriorityGrouping
                0x08002564       0x1c ./Drivers/STM32F3xx_HAL_Driver/Src/stm32f3xx_hal_cortex.o
 .text.__NVIC_EnableIRQ
                0x08002580       0x3c ./Drivers/STM32F3xx_HAL_Driver/Src/stm32f3xx_hal_cortex.o
 .text.__NVIC_SetPriority
                0x080025bc       0x54 ./Drivers/STM32F3xx_HAL_Driver/Src/stm32f3xx_hal_cortex.o
 .text.NVIC_EncodePriority
                0x08002610       0x66 ./Drivers/STM32F3xx_HAL_Driver/Src/stm32f3xx_hal_cortex.o
 *fill*         0x08002676        0x2 
 .text.SysTick_Config
                0x08002678       0x44 ./Drivers/STM32F3xx_HAL_Driver/Src/stm32f3xx_hal_cortex.o
 .text.HAL_NVIC_SetPriorityGrouping
                0x080026bc       0x40 ./Drivers/STM32F3xx_HAL_Driver/Src/stm32f3xx_hal_cortex.o
                0x080026bc                HAL_NVIC_SetPriorityGrouping
 .text.HAL_NVIC_SetPriority
                0x080026fc       0x58 ./Drivers/STM32F3xx_HAL_Driver/Src/stm32f3xx_hal_cortex.o
                0x080026fc                HAL_NVIC_SetPriority
 .text.HAL_NVIC_EnableIRQ
                0x08002754       0x30 ./Drivers/STM32F3xx_HAL_Driver/Src/stm32f3xx_hal_cortex.o
                0x08002754                HAL_NVIC_EnableIRQ
 .text.HAL_SYSTICK_Config
                0x08002784       0x18 ./Drivers/STM32F3xx_HAL_Driver/Src/stm32f3xx_hal_cortex.o
                0x08002784                HAL_SYSTICK_Config
 .text.HAL_DAC_Init
                0x0800279c       0x70 ./Drivers/STM32F3xx_HAL_Driver/Src/stm32f3xx_hal_dac.o
                0x0800279c                HAL_DAC_Init
 .text.HAL_DAC_ConvHalfCpltCallbackCh1
                0x0800280c       0x14 ./Drivers/STM32F3xx_HAL_Driver/Src/stm32f3xx_hal_dac.o
                0x0800280c                HAL_DAC_ConvHalfCpltCallbackCh1
 .text.HAL_DAC_ErrorCallbackCh1
                0x08002820       0x14 ./Drivers/STM32F3xx_HAL_Driver/Src/stm32f3xx_hal_dac.o
                0x08002820                HAL_DAC_ErrorCallbackCh1
 .text.HAL_DAC_Start_DMA
                0x08002834      0x1d0 ./Drivers/STM32F3xx_HAL_Driver/Src/stm32f3xx_hal_dac_ex.o
                0x08002834                HAL_DAC_Start_DMA
 .text.HAL_DAC_ConfigChannel
                0x08002a04      0x178 ./Drivers/STM32F3xx_HAL_Driver/Src/stm32f3xx_hal_dac_ex.o
                0x08002a04                HAL_DAC_ConfigChannel
 .text.HAL_DACEx_ConvCpltCallbackCh2
                0x08002b7c       0x14 ./Drivers/STM32F3xx_HAL_Driver/Src/stm32f3xx_hal_dac_ex.o
                0x08002b7c                HAL_DACEx_ConvCpltCallbackCh2
 .text.HAL_DACEx_ConvHalfCpltCallbackCh2
                0x08002b90       0x14 ./Drivers/STM32F3xx_HAL_Driver/Src/stm32f3xx_hal_dac_ex.o
                0x08002b90                HAL_DACEx_ConvHalfCpltCallbackCh2
 .text.HAL_DACEx_ErrorCallbackCh2
                0x08002ba4       0x14 ./Drivers/STM32F3xx_HAL_Driver/Src/stm32f3xx_hal_dac_ex.o
                0x08002ba4                HAL_DACEx_ErrorCallbackCh2
 .text.DAC_DMAConvCpltCh1
                0x08002bb8       0x22 ./Drivers/STM32F3xx_HAL_Driver/Src/stm32f3xx_hal_dac_ex.o
 .text.DAC_DMAHalfConvCpltCh1
                0x08002bda       0x1c ./Drivers/STM32F3xx_HAL_Driver/Src/stm32f3xx_hal_dac_ex.o
 .text.DAC_DMAErrorCh1
                0x08002bf6       0x2e ./Drivers/STM32F3xx_HAL_Driver/Src/stm32f3xx_hal_dac_ex.o
 .text.DAC_DMAConvCpltCh2
                0x08002c24       0x22 ./Drivers/STM32F3xx_HAL_Driver/Src/stm32f3xx_hal_dac_ex.o
 .text.DAC_DMAHalfConvCpltCh2
                0x08002c46       0x1c ./Drivers/STM32F3xx_HAL_Driver/Src/stm32f3xx_hal_dac_ex.o
 .text.DAC_DMAErrorCh2
                0x08002c62       0x2e ./Drivers/STM32F3xx_HAL_Driver/Src/stm32f3xx_hal_dac_ex.o
 .text.HAL_DMA_Init
                0x08002c90      0x1dc ./Drivers/STM32F3xx_HAL_Driver/Src/stm32f3xx_hal_dma.o
                0x08002c90                HAL_DMA_Init
 .text.HAL_DMA_Start_IT
                0x08002e6c       0xdc ./Drivers/STM32F3xx_HAL_Driver/Src/stm32f3xx_hal_dma.o
                0x08002e6c                HAL_DMA_Start_IT
 .text.HAL_DMA_IRQHandler
                0x08002f48      0x146 ./Drivers/STM32F3xx_HAL_Driver/Src/stm32f3xx_hal_dma.o
                0x08002f48                HAL_DMA_IRQHandler
 .text.DMA_SetConfig
                0x0800308e       0x5c ./Drivers/STM32F3xx_HAL_Driver/Src/stm32f3xx_hal_dma.o
 *fill*         0x080030ea        0x2 
 .text.DMA_CalcBaseAndBitshift
                0x080030ec       0x40 ./Drivers/STM32F3xx_HAL_Driver/Src/stm32f3xx_hal_dma.o
 .text.HAL_GPIO_Init
                0x0800312c      0x464 ./Drivers/STM32F3xx_HAL_Driver/Src/stm32f3xx_hal_gpio.o
                0x0800312c                HAL_GPIO_Init
 .text.HAL_GPIO_WritePin
                0x08003590       0x60 ./Drivers/STM32F3xx_HAL_Driver/Src/stm32f3xx_hal_gpio.o
                0x08003590                HAL_GPIO_WritePin
 .text.HAL_GPIO_TogglePin
                0x080035f0       0x50 ./Drivers/STM32F3xx_HAL_Driver/Src/stm32f3xx_hal_gpio.o
                0x080035f0                HAL_GPIO_TogglePin
 .text.HAL_RCC_OscConfig
                0x08003640     0x1368 ./Drivers/STM32F3xx_HAL_Driver/Src/stm32f3xx_hal_rcc.o
                0x08003640                HAL_RCC_OscConfig
 .text.HAL_RCC_ClockConfig
                0x080049a8      0x444 ./Drivers/STM32F3xx_HAL_Driver/Src/stm32f3xx_hal_rcc.o
                0x080049a8                HAL_RCC_ClockConfig
 .text.HAL_RCC_GetSysClockFreq
                0x08004dec       0xd4 ./Drivers/STM32F3xx_HAL_Driver/Src/stm32f3xx_hal_rcc.o
                0x08004dec                HAL_RCC_GetSysClockFreq
 .text.HAL_RCC_GetHCLKFreq
                0x08004ec0       0x18 ./Drivers/STM32F3xx_HAL_Driver/Src/stm32f3xx_hal_rcc.o
                0x08004ec0                HAL_RCC_GetHCLKFreq
 .text.HAL_RCC_GetPCLK1Freq
                0x08004ed8       0x44 ./Drivers/STM32F3xx_HAL_Driver/Src/stm32f3xx_hal_rcc.o
                0x08004ed8                HAL_RCC_GetPCLK1Freq
 .text.HAL_RCC_GetPCLK2Freq
                0x08004f1c       0x44 ./Drivers/STM32F3xx_HAL_Driver/Src/stm32f3xx_hal_rcc.o
                0x08004f1c                HAL_RCC_GetPCLK2Freq
 .text.HAL_TIM_Base_Init
                0x08004f60      0x19c ./Drivers/STM32F3xx_HAL_Driver/Src/stm32f3xx_hal_tim.o
                0x08004f60                HAL_TIM_Base_Init
 .text.HAL_TIM_Base_Start
                0x080050fc      0x110 ./Drivers/STM32F3xx_HAL_Driver/Src/stm32f3xx_hal_tim.o
                0x080050fc                HAL_TIM_Base_Start
 .text.TIM_Base_SetConfig
                0x0800520c       0xf0 ./Drivers/STM32F3xx_HAL_Driver/Src/stm32f3xx_hal_tim.o
                0x0800520c                TIM_Base_SetConfig
 .text.HAL_TIMEx_MasterConfigSynchronization
                0x080052fc      0x240 ./Drivers/STM32F3xx_HAL_Driver/Src/stm32f3xx_hal_tim_ex.o
                0x080052fc                HAL_TIMEx_MasterConfigSynchronization
 .text.HAL_UART_Init
                0x0800553c      0x108 ./Drivers/STM32F3xx_HAL_Driver/Src/stm32f3xx_hal_uart.o
                0x0800553c                HAL_UART_Init
 .text.UART_SetConfig
                0x08005644      0x390 ./Drivers/STM32F3xx_HAL_Driver/Src/stm32f3xx_hal_uart.o
                0x08005644                UART_SetConfig
 .text.UART_AdvFeatureConfig
                0x080059d4      0x280 ./Drivers/STM32F3xx_HAL_Driver/Src/stm32f3xx_hal_uart.o
                0x080059d4                UART_AdvFeatureConfig
 .text.UART_CheckIdleState
                0x08005c54       0x92 ./Drivers/STM32F3xx_HAL_Driver/Src/stm32f3xx_hal_uart.o
                0x08005c54                UART_CheckIdleState
 .text.UART_WaitOnFlagUntilTimeout
                0x08005ce6      0x188 ./Drivers/STM32F3xx_HAL_Driver/Src/stm32f3xx_hal_uart.o
                0x08005ce6                UART_WaitOnFlagUntilTimeout
 *fill*         0x08005e6e        0x2 
 .text.__libc_init_array
                0x08005e70       0x48 c:/gcc_arm/bin/../lib/gcc/arm-none-eabi/10.3.1/../../../../arm-none-eabi/lib/thumb/v7e-m+fp/hard\libc_nano.a(lib_a-init.o)
                0x08005e70                __libc_init_array
 .text.memset   0x08005eb8       0x10 c:/gcc_arm/bin/../lib/gcc/arm-none-eabi/10.3.1/../../../../arm-none-eabi/lib/thumb/v7e-m+fp/hard\libc_nano.a(lib_a-memset.o)
                0x08005eb8                memset
 *(.glue_7)
 .glue_7        0x08005ec8        0x0 linker stubs
 *(.glue_7t)
 .glue_7t       0x08005ec8        0x0 linker stubs
 *(.eh_frame)
 .eh_frame      0x08005ec8        0x0 c:/gcc_arm/bin/../lib/gcc/arm-none-eabi/10.3.1/thumb/v7e-m+fp/hard/crtbegin.o
 *(.init)
 .init          0x08005ec8        0x4 c:/gcc_arm/bin/../lib/gcc/arm-none-eabi/10.3.1/thumb/v7e-m+fp/hard/crti.o
                0x08005ec8                _init
 .init          0x08005ecc        0x8 c:/gcc_arm/bin/../lib/gcc/arm-none-eabi/10.3.1/thumb/v7e-m+fp/hard/crtn.o
 *(.fini)
 .fini          0x08005ed4        0x4 c:/gcc_arm/bin/../lib/gcc/arm-none-eabi/10.3.1/thumb/v7e-m+fp/hard/crti.o
                0x08005ed4                _fini
 .fini          0x08005ed8        0x8 c:/gcc_arm/bin/../lib/gcc/arm-none-eabi/10.3.1/thumb/v7e-m+fp/hard/crtn.o
                0x08005ee0                . = ALIGN (0x4)
                0x08005ee0                _etext = .

.vfp11_veneer   0x08005ee0        0x0
 .vfp11_veneer  0x08005ee0        0x0 linker stubs

.v4_bx          0x08005ee0        0x0
 .v4_bx         0x08005ee0        0x0 linker stubs

.iplt           0x08005ee0        0x0
 .iplt          0x08005ee0        0x0 c:/gcc_arm/bin/../lib/gcc/arm-none-eabi/10.3.1/thumb/v7e-m+fp/hard/crtbegin.o

.rodata         0x08005ee0      0x280
                0x08005ee0                . = ALIGN (0x4)
 *(.rodata)
 .rodata        0x08005ee0       0x3b ./Drivers/STM32F3xx_HAL_Driver/Src/stm32f3xx_hal_adc_ex.o
 *fill*         0x08005f1b        0x1 
 .rodata        0x08005f1c       0x3b ./Drivers/STM32F3xx_HAL_Driver/Src/stm32f3xx_hal_cortex.o
 *fill*         0x08005f57        0x1 
 .rodata        0x08005f58       0x38 ./Drivers/STM32F3xx_HAL_Driver/Src/stm32f3xx_hal_dac.o
 .rodata        0x08005f90       0x3b ./Drivers/STM32F3xx_HAL_Driver/Src/stm32f3xx_hal_dac_ex.o
 *fill*         0x08005fcb        0x1 
 .rodata        0x08005fcc       0x38 ./Drivers/STM32F3xx_HAL_Driver/Src/stm32f3xx_hal_dma.o
 .rodata        0x08006004       0x39 ./Drivers/STM32F3xx_HAL_Driver/Src/stm32f3xx_hal_gpio.o
 *fill*         0x0800603d        0x3 
 .rodata        0x08006040       0x38 ./Drivers/STM32F3xx_HAL_Driver/Src/stm32f3xx_hal_rcc.o
 .rodata        0x08006078       0x38 ./Drivers/STM32F3xx_HAL_Driver/Src/stm32f3xx_hal_tim.o
 .rodata        0x080060b0       0x3b ./Drivers/STM32F3xx_HAL_Driver/Src/stm32f3xx_hal_tim_ex.o
 *fill*         0x080060eb        0x1 
 .rodata        0x080060ec       0x39 ./Drivers/STM32F3xx_HAL_Driver/Src/stm32f3xx_hal_uart.o
 *(.rodata*)
 *fill*         0x08006125        0x3 
 .rodata.AHBPrescTable
                0x08006128       0x10 ./Core/Src/system_stm32f3xx.o
                0x08006128                AHBPrescTable
 .rodata.APBPrescTable
                0x08006138        0x8 ./Core/Src/system_stm32f3xx.o
                0x08006138                APBPrescTable
 .rodata.aPLLMULFactorTable
                0x08006140       0x10 ./Drivers/STM32F3xx_HAL_Driver/Src/stm32f3xx_hal_rcc.o
                0x08006140                aPLLMULFactorTable
 .rodata.aPredivFactorTable
                0x08006150       0x10 ./Drivers/STM32F3xx_HAL_Driver/Src/stm32f3xx_hal_rcc.o
                0x08006150                aPredivFactorTable
                0x08006160                . = ALIGN (0x4)

.rel.dyn        0x08006160        0x0
 .rel.iplt      0x08006160        0x0 c:/gcc_arm/bin/../lib/gcc/arm-none-eabi/10.3.1/thumb/v7e-m+fp/hard/crtbegin.o

.ARM.extab      0x08006160        0x0
                0x08006160                . = ALIGN (0x4)
 *(.ARM.extab* .gnu.linkonce.armextab.*)
                0x08006160                . = ALIGN (0x4)

.ARM            0x08006160        0x0
                0x08006160                . = ALIGN (0x4)
                0x08006160                __exidx_start = .
 *(.ARM.exidx*)
                0x08006160                __exidx_end = .
                0x08006160                . = ALIGN (0x4)

.preinit_array  0x08006160        0x0
                0x08006160                . = ALIGN (0x4)
                0x08006160                PROVIDE (__preinit_array_start = .)
 *(.preinit_array*)
                0x08006160                PROVIDE (__preinit_array_end = .)
                0x08006160                . = ALIGN (0x4)

.init_array     0x08006160        0x4
                0x08006160                . = ALIGN (0x4)
                0x08006160                PROVIDE (__init_array_start = .)
 *(SORT_BY_NAME(.init_array.*))
 *(.init_array*)
 .init_array    0x08006160        0x4 c:/gcc_arm/bin/../lib/gcc/arm-none-eabi/10.3.1/thumb/v7e-m+fp/hard/crtbegin.o
                0x08006164                PROVIDE (__init_array_end = .)
                0x08006164                . = ALIGN (0x4)

.fini_array     0x08006164        0x4
                0x08006164                . = ALIGN (0x4)
                [!provide]                PROVIDE (__fini_array_start = .)
 *(SORT_BY_NAME(.fini_array.*))
 *(.fini_array*)
 .fini_array    0x08006164        0x4 c:/gcc_arm/bin/../lib/gcc/arm-none-eabi/10.3.1/thumb/v7e-m+fp/hard/crtbegin.o
                [!provide]                PROVIDE (__fini_array_end = .)
                0x08006168                . = ALIGN (0x4)
                0x08006168                _sidata = LOADADDR (.data)

.data           0x20000000        0xc load address 0x08006168
                0x20000000                . = ALIGN (0x4)
                0x20000000                _sdata = .
 *(.data)
 *(.data*)
 .data.SystemCoreClock
                0x20000000        0x4 ./Core/Src/system_stm32f3xx.o
                0x20000000                SystemCoreClock
 .data.uwTickPrio
                0x20000004        0x4 ./Drivers/STM32F3xx_HAL_Driver/Src/stm32f3xx_hal.o
                0x20000004                uwTickPrio
 .data.uwTickFreq
                0x20000008        0x1 ./Drivers/STM32F3xx_HAL_Driver/Src/stm32f3xx_hal.o
                0x20000008                uwTickFreq
 *(.RamFunc)
 *(.RamFunc*)
                0x2000000c                . = ALIGN (0x4)
 *fill*         0x20000009        0x3 
                0x2000000c                _edata = .
                0x08006174                _siccmram = LOADADDR (.ccmram)

.igot.plt       0x2000000c        0x0 load address 0x08006174
 .igot.plt      0x2000000c        0x0 c:/gcc_arm/bin/../lib/gcc/arm-none-eabi/10.3.1/thumb/v7e-m+fp/hard/crtbegin.o

.ccmram         0x10000000        0x0 load address 0x08006174
                0x10000000                . = ALIGN (0x4)
                0x10000000                _sccmram = .
 *(.ccmram)
 *(.ccmram*)
                0x10000000                . = ALIGN (0x4)
                0x10000000                _eccmram = .
                0x10000000                . = ALIGN (0x4)

.bss            0x2000000c      0x9e4
                0x2000000c                _sbss = .
                0x2000000c                __bss_start__ = _sbss
 *(.bss)
 .bss           0x2000000c       0x1c c:/gcc_arm/bin/../lib/gcc/arm-none-eabi/10.3.1/thumb/v7e-m+fp/hard/crtbegin.o
 *(.bss*)
 .bss.hadc1     0x20000028       0x50 ./Core/Src/adc.o
                0x20000028                hadc1
 .bss.hdma_adc1
                0x20000078       0x44 ./Core/Src/adc.o
                0x20000078                hdma_adc1
 .bss.hdac1     0x200000bc       0x14 ./Core/Src/dac.o
                0x200000bc                hdac1
 .bss.hdma_dac1_ch1
                0x200000d0       0x44 ./Core/Src/dac.o
                0x200000d0                hdma_dac1_ch1
 .bss.adc_buffer
                0x20000114      0x400 ./Core/Src/main.o
                0x20000114                adc_buffer
 .bss.dac_buffer
                0x20000514      0x400 ./Core/Src/main.o
                0x20000514                dac_buffer
 .bss.inbufferPtr
                0x20000914        0x4 ./Core/Src/main.o
 .bss.outbufferPtr
                0x20000918        0x4 ./Core/Src/main.o
 .bss.htim6     0x2000091c       0x4c ./Core/Src/tim.o
                0x2000091c                htim6
 .bss.huart2    0x20000968       0x84 ./Core/Src/usart.o
                0x20000968                huart2
 .bss.uwTick    0x200009ec        0x4 ./Drivers/STM32F3xx_HAL_Driver/Src/stm32f3xx_hal.o
                0x200009ec                uwTick
 *(COMMON)
                0x200009f0                . = ALIGN (0x4)
                0x200009f0                _ebss = .
                0x200009f0                __bss_end__ = _ebss

._user_heap_stack
                0x200009f0      0x600
                0x200009f0                . = ALIGN (0x8)
                [!provide]                PROVIDE (end = .)
                0x200009f0                PROVIDE (_end = .)
                0x20000bf0                . = (. + _Min_Heap_Size)
 *fill*         0x200009f0      0x200 
                0x20000ff0                . = (. + _Min_Stack_Size)
 *fill*         0x20000bf0      0x400 
                0x20000ff0                . = ALIGN (0x8)

/DISCARD/
 libc.a(*)
 libm.a(*)
 libgcc.a(*)

.ARM.attributes
                0x00000000       0x30
 *(.ARM.attributes)
 .ARM.attributes
                0x00000000       0x1e c:/gcc_arm/bin/../lib/gcc/arm-none-eabi/10.3.1/thumb/v7e-m+fp/hard/crti.o
 .ARM.attributes
                0x0000001e       0x34 c:/gcc_arm/bin/../lib/gcc/arm-none-eabi/10.3.1/thumb/v7e-m+fp/hard/crtbegin.o
 .ARM.attributes
                0x00000052       0x34 ./Core/Src/adc.o
 .ARM.attributes
                0x00000086       0x34 ./Core/Src/dac.o
 .ARM.attributes
                0x000000ba       0x34 ./Core/Src/dma.o
 .ARM.attributes
                0x000000ee       0x34 ./Core/Src/gpio.o
 .ARM.attributes
                0x00000122       0x34 ./Core/Src/main.o
 .ARM.attributes
                0x00000156       0x34 ./Core/Src/stm32f3xx_hal_msp.o
 .ARM.attributes
                0x0000018a       0x34 ./Core/Src/stm32f3xx_it.o
 .ARM.attributes
                0x000001be       0x34 ./Core/Src/system_stm32f3xx.o
 .ARM.attributes
                0x000001f2       0x34 ./Core/Src/tim.o
 .ARM.attributes
                0x00000226       0x34 ./Core/Src/usart.o
 .ARM.attributes
                0x0000025a       0x21 ./Core/Startup/startup_stm32f303k8tx.o
 .ARM.attributes
                0x0000027b       0x34 ./Drivers/STM32F3xx_HAL_Driver/Src/stm32f3xx_hal.o
 .ARM.attributes
                0x000002af       0x34 ./Drivers/STM32F3xx_HAL_Driver/Src/stm32f3xx_hal_adc.o
 .ARM.attributes
                0x000002e3       0x34 ./Drivers/STM32F3xx_HAL_Driver/Src/stm32f3xx_hal_adc_ex.o
 .ARM.attributes
                0x00000317       0x34 ./Drivers/STM32F3xx_HAL_Driver/Src/stm32f3xx_hal_cortex.o
 .ARM.attributes
                0x0000034b       0x34 ./Drivers/STM32F3xx_HAL_Driver/Src/stm32f3xx_hal_dac.o
 .ARM.attributes
                0x0000037f       0x34 ./Drivers/STM32F3xx_HAL_Driver/Src/stm32f3xx_hal_dac_ex.o
 .ARM.attributes
                0x000003b3       0x34 ./Drivers/STM32F3xx_HAL_Driver/Src/stm32f3xx_hal_dma.o
 .ARM.attributes
                0x000003e7       0x34 ./Drivers/STM32F3xx_HAL_Driver/Src/stm32f3xx_hal_gpio.o
 .ARM.attributes
                0x0000041b       0x34 ./Drivers/STM32F3xx_HAL_Driver/Src/stm32f3xx_hal_rcc.o
 .ARM.attributes
                0x0000044f       0x34 ./Drivers/STM32F3xx_HAL_Driver/Src/stm32f3xx_hal_tim.o
 .ARM.attributes
                0x00000483       0x34 ./Drivers/STM32F3xx_HAL_Driver/Src/stm32f3xx_hal_tim_ex.o
 .ARM.attributes
                0x000004b7       0x34 ./Drivers/STM32F3xx_HAL_Driver/Src/stm32f3xx_hal_uart.o
 .ARM.attributes
                0x000004eb       0x34 c:/gcc_arm/bin/../lib/gcc/arm-none-eabi/10.3.1/../../../../arm-none-eabi/lib/thumb/v7e-m+fp/hard\libc_nano.a(lib_a-init.o)
 .ARM.attributes
                0x0000051f       0x34 c:/gcc_arm/bin/../lib/gcc/arm-none-eabi/10.3.1/../../../../arm-none-eabi/lib/thumb/v7e-m+fp/hard\libc_nano.a(lib_a-memset.o)
 .ARM.attributes
                0x00000553       0x1e c:/gcc_arm/bin/../lib/gcc/arm-none-eabi/10.3.1/thumb/v7e-m+fp/hard/crtn.o
OUTPUT(adda.elf elf32-littlearm)
LOAD linker stubs
LOAD c:/gcc_arm/bin/../lib/gcc/arm-none-eabi/10.3.1/../../../../arm-none-eabi/lib/thumb/v7e-m+fp/hard\libc.a
LOAD c:/gcc_arm/bin/../lib/gcc/arm-none-eabi/10.3.1/../../../../arm-none-eabi/lib/thumb/v7e-m+fp/hard\libm.a
LOAD c:/gcc_arm/bin/../lib/gcc/arm-none-eabi/10.3.1/thumb/v7e-m+fp/hard\libgcc.a

.debug_info     0x00000000    0x12eb7
 .debug_info    0x00000000      0xb68 ./Core/Src/adc.o
 .debug_info    0x00000b68      0x8c9 ./Core/Src/dac.o
 .debug_info    0x00001431      0x2d4 ./Core/Src/dma.o
 .debug_info    0x00001705      0x319 ./Core/Src/gpio.o
 .debug_info    0x00001a1e      0xfb4 ./Core/Src/main.o
 .debug_info    0x000029d2      0x1aa ./Core/Src/stm32f3xx_hal_msp.o
 .debug_info    0x00002b7c      0x767 ./Core/Src/stm32f3xx_it.o
 .debug_info    0x000032e3      0x416 ./Core/Src/system_stm32f3xx.o
 .debug_info    0x000036f9      0x82b ./Core/Src/tim.o
 .debug_info    0x00003f24      0x8fb ./Core/Src/usart.o
 .debug_info    0x0000481f       0x22 ./Core/Startup/startup_stm32f303k8tx.o
 .debug_info    0x00004841      0x742 ./Drivers/STM32F3xx_HAL_Driver/Src/stm32f3xx_hal.o
 .debug_info    0x00004f83      0xbb6 ./Drivers/STM32F3xx_HAL_Driver/Src/stm32f3xx_hal_adc.o
 .debug_info    0x00005b39     0x15fc ./Drivers/STM32F3xx_HAL_Driver/Src/stm32f3xx_hal_adc_ex.o
 .debug_info    0x00007135      0xb20 ./Drivers/STM32F3xx_HAL_Driver/Src/stm32f3xx_hal_cortex.o
 .debug_info    0x00007c55      0x8aa ./Drivers/STM32F3xx_HAL_Driver/Src/stm32f3xx_hal_dac.o
 .debug_info    0x000084ff      0xa0a ./Drivers/STM32F3xx_HAL_Driver/Src/stm32f3xx_hal_dac_ex.o
 .debug_info    0x00008f09      0x762 ./Drivers/STM32F3xx_HAL_Driver/Src/stm32f3xx_hal_dma.o
 .debug_info    0x0000966b      0x766 ./Drivers/STM32F3xx_HAL_Driver/Src/stm32f3xx_hal_gpio.o
 .debug_info    0x00009dd1     0x153e ./Drivers/STM32F3xx_HAL_Driver/Src/stm32f3xx_hal_rcc.o
 .debug_info    0x0000b30f     0x2c1f ./Drivers/STM32F3xx_HAL_Driver/Src/stm32f3xx_hal_tim.o
 .debug_info    0x0000df2e     0x1567 ./Drivers/STM32F3xx_HAL_Driver/Src/stm32f3xx_hal_tim_ex.o
 .debug_info    0x0000f495     0x3a22 ./Drivers/STM32F3xx_HAL_Driver/Src/stm32f3xx_hal_uart.o

.debug_abbrev   0x00000000     0x2753
 .debug_abbrev  0x00000000      0x1bd ./Core/Src/adc.o
 .debug_abbrev  0x000001bd      0x1b4 ./Core/Src/dac.o
 .debug_abbrev  0x00000371       0xdc ./Core/Src/dma.o
 .debug_abbrev  0x0000044d      0x121 ./Core/Src/gpio.o
 .debug_abbrev  0x0000056e      0x218 ./Core/Src/main.o
 .debug_abbrev  0x00000786       0xc2 ./Core/Src/stm32f3xx_hal_msp.o
 .debug_abbrev  0x00000848      0x15a ./Core/Src/stm32f3xx_it.o
 .debug_abbrev  0x000009a2      0x116 ./Core/Src/system_stm32f3xx.o
 .debug_abbrev  0x00000ab8      0x198 ./Core/Src/tim.o
 .debug_abbrev  0x00000c50      0x1a1 ./Core/Src/usart.o
 .debug_abbrev  0x00000df1       0x12 ./Core/Startup/startup_stm32f303k8tx.o
 .debug_abbrev  0x00000e03      0x1db ./Drivers/STM32F3xx_HAL_Driver/Src/stm32f3xx_hal.o
 .debug_abbrev  0x00000fde      0x198 ./Drivers/STM32F3xx_HAL_Driver/Src/stm32f3xx_hal_adc.o
 .debug_abbrev  0x00001176      0x21b ./Drivers/STM32F3xx_HAL_Driver/Src/stm32f3xx_hal_adc_ex.o
 .debug_abbrev  0x00001391      0x2d1 ./Drivers/STM32F3xx_HAL_Driver/Src/stm32f3xx_hal_cortex.o
 .debug_abbrev  0x00001662      0x186 ./Drivers/STM32F3xx_HAL_Driver/Src/stm32f3xx_hal_dac.o
 .debug_abbrev  0x000017e8      0x21e ./Drivers/STM32F3xx_HAL_Driver/Src/stm32f3xx_hal_dac_ex.o
 .debug_abbrev  0x00001a06      0x1e9 ./Drivers/STM32F3xx_HAL_Driver/Src/stm32f3xx_hal_dma.o
 .debug_abbrev  0x00001bef      0x1bb ./Drivers/STM32F3xx_HAL_Driver/Src/stm32f3xx_hal_gpio.o
 .debug_abbrev  0x00001daa      0x2c4 ./Drivers/STM32F3xx_HAL_Driver/Src/stm32f3xx_hal_rcc.o
 .debug_abbrev  0x0000206e      0x231 ./Drivers/STM32F3xx_HAL_Driver/Src/stm32f3xx_hal_tim.o
 .debug_abbrev  0x0000229f      0x239 ./Drivers/STM32F3xx_HAL_Driver/Src/stm32f3xx_hal_tim_ex.o
 .debug_abbrev  0x000024d8      0x27b ./Drivers/STM32F3xx_HAL_Driver/Src/stm32f3xx_hal_uart.o

.debug_aranges  0x00000000     0x1098
 .debug_aranges
                0x00000000       0x30 ./Core/Src/adc.o
 .debug_aranges
                0x00000030       0x30 ./Core/Src/dac.o
 .debug_aranges
                0x00000060       0x20 ./Core/Src/dma.o
 .debug_aranges
                0x00000080       0x20 ./Core/Src/gpio.o
 .debug_aranges
                0x000000a0       0x58 ./Core/Src/main.o
 .debug_aranges
                0x000000f8       0x20 ./Core/Src/stm32f3xx_hal_msp.o
 .debug_aranges
                0x00000118       0x78 ./Core/Src/stm32f3xx_it.o
 .debug_aranges
                0x00000190       0x28 ./Core/Src/system_stm32f3xx.o
 .debug_aranges
                0x000001b8       0x30 ./Core/Src/tim.o
 .debug_aranges
                0x000001e8       0x30 ./Core/Src/usart.o
 .debug_aranges
                0x00000218       0x28 ./Core/Startup/startup_stm32f303k8tx.o
 .debug_aranges
                0x00000240       0xe0 ./Drivers/STM32F3xx_HAL_Driver/Src/stm32f3xx_hal.o
 .debug_aranges
                0x00000320       0xc8 ./Drivers/STM32F3xx_HAL_Driver/Src/stm32f3xx_hal_adc.o
 .debug_aranges
                0x000003e8      0x168 ./Drivers/STM32F3xx_HAL_Driver/Src/stm32f3xx_hal_adc_ex.o
 .debug_aranges
                0x00000550      0x100 ./Drivers/STM32F3xx_HAL_Driver/Src/stm32f3xx_hal_cortex.o
 .debug_aranges
                0x00000650       0xa8 ./Drivers/STM32F3xx_HAL_Driver/Src/stm32f3xx_hal_dac.o
 .debug_aranges
                0x000006f8       0xb8 ./Drivers/STM32F3xx_HAL_Driver/Src/stm32f3xx_hal_dac_ex.o
 .debug_aranges
                0x000007b0       0x88 ./Drivers/STM32F3xx_HAL_Driver/Src/stm32f3xx_hal_dma.o
 .debug_aranges
                0x00000838       0x58 ./Drivers/STM32F3xx_HAL_Driver/Src/stm32f3xx_hal_gpio.o
 .debug_aranges
                0x00000890       0x88 ./Drivers/STM32F3xx_HAL_Driver/Src/stm32f3xx_hal_rcc.o
 .debug_aranges
                0x00000918      0x3e0 ./Drivers/STM32F3xx_HAL_Driver/Src/stm32f3xx_hal_tim.o
 .debug_aranges
                0x00000cf8      0x178 ./Drivers/STM32F3xx_HAL_Driver/Src/stm32f3xx_hal_tim_ex.o
 .debug_aranges
                0x00000e70      0x228 ./Drivers/STM32F3xx_HAL_Driver/Src/stm32f3xx_hal_uart.o

.debug_ranges   0x00000000      0xf60
 .debug_ranges  0x00000000       0x20 ./Core/Src/adc.o
 .debug_ranges  0x00000020       0x20 ./Core/Src/dac.o
 .debug_ranges  0x00000040       0x10 ./Core/Src/dma.o
 .debug_ranges  0x00000050       0x10 ./Core/Src/gpio.o
 .debug_ranges  0x00000060       0x48 ./Core/Src/main.o
 .debug_ranges  0x000000a8       0x10 ./Core/Src/stm32f3xx_hal_msp.o
 .debug_ranges  0x000000b8       0x68 ./Core/Src/stm32f3xx_it.o
 .debug_ranges  0x00000120       0x18 ./Core/Src/system_stm32f3xx.o
 .debug_ranges  0x00000138       0x20 ./Core/Src/tim.o
 .debug_ranges  0x00000158       0x20 ./Core/Src/usart.o
 .debug_ranges  0x00000178       0x20 ./Core/Startup/startup_stm32f303k8tx.o
 .debug_ranges  0x00000198       0xd0 ./Drivers/STM32F3xx_HAL_Driver/Src/stm32f3xx_hal.o
 .debug_ranges  0x00000268       0xb8 ./Drivers/STM32F3xx_HAL_Driver/Src/stm32f3xx_hal_adc.o
 .debug_ranges  0x00000320      0x158 ./Drivers/STM32F3xx_HAL_Driver/Src/stm32f3xx_hal_adc_ex.o
 .debug_ranges  0x00000478       0xf0 ./Drivers/STM32F3xx_HAL_Driver/Src/stm32f3xx_hal_cortex.o
 .debug_ranges  0x00000568       0x98 ./Drivers/STM32F3xx_HAL_Driver/Src/stm32f3xx_hal_dac.o
 .debug_ranges  0x00000600       0xa8 ./Drivers/STM32F3xx_HAL_Driver/Src/stm32f3xx_hal_dac_ex.o
 .debug_ranges  0x000006a8       0x78 ./Drivers/STM32F3xx_HAL_Driver/Src/stm32f3xx_hal_dma.o
 .debug_ranges  0x00000720       0x48 ./Drivers/STM32F3xx_HAL_Driver/Src/stm32f3xx_hal_gpio.o
 .debug_ranges  0x00000768       0x78 ./Drivers/STM32F3xx_HAL_Driver/Src/stm32f3xx_hal_rcc.o
 .debug_ranges  0x000007e0      0x3d0 ./Drivers/STM32F3xx_HAL_Driver/Src/stm32f3xx_hal_tim.o
 .debug_ranges  0x00000bb0      0x168 ./Drivers/STM32F3xx_HAL_Driver/Src/stm32f3xx_hal_tim_ex.o
 .debug_ranges  0x00000d18      0x248 ./Drivers/STM32F3xx_HAL_Driver/Src/stm32f3xx_hal_uart.o

.debug_macro    0x00000000    0x1d0d4
 .debug_macro   0x00000000      0x20c ./Core/Src/adc.o
 .debug_macro   0x0000020c      0xa78 ./Core/Src/adc.o
 .debug_macro   0x00000c84      0x16a ./Core/Src/adc.o
 .debug_macro   0x00000dee       0x2e ./Core/Src/adc.o
 .debug_macro   0x00000e1c       0x28 ./Core/Src/adc.o
 .debug_macro   0x00000e44       0x22 ./Core/Src/adc.o
 .debug_macro   0x00000e66       0x8e ./Core/Src/adc.o
 .debug_macro   0x00000ef4       0x51 ./Core/Src/adc.o
 .debug_macro   0x00000f45      0x103 ./Core/Src/adc.o
 .debug_macro   0x00001048       0x6a ./Core/Src/adc.o
 .debug_macro   0x000010b2      0x1df ./Core/Src/adc.o
 .debug_macro   0x00001291       0x1c ./Core/Src/adc.o
 .debug_macro   0x000012ad       0x22 ./Core/Src/adc.o
 .debug_macro   0x000012cf       0xd9 ./Core/Src/adc.o
 .debug_macro   0x000013a8      0xf07 ./Core/Src/adc.o
 .debug_macro   0x000022af    0x10be0 ./Core/Src/adc.o
 .debug_macro   0x00012e8f       0x6d ./Core/Src/adc.o
 .debug_macro   0x00012efc     0x3540 ./Core/Src/adc.o
 .debug_macro   0x0001643c      0x174 ./Core/Src/adc.o
 .debug_macro   0x000165b0       0x55 ./Core/Src/adc.o
 .debug_macro   0x00016605      0x8f9 ./Core/Src/adc.o
 .debug_macro   0x00016efe      0x304 ./Core/Src/adc.o
 .debug_macro   0x00017202      0x1b6 ./Core/Src/adc.o
 .debug_macro   0x000173b8      0x11b ./Core/Src/adc.o
 .debug_macro   0x000174d3      0x1d5 ./Core/Src/adc.o
 .debug_macro   0x000176a8      0x1bc ./Core/Src/adc.o
 .debug_macro   0x00017864       0x34 ./Core/Src/adc.o
 .debug_macro   0x00017898       0x3c ./Core/Src/adc.o
 .debug_macro   0x000178d4       0x57 ./Core/Src/adc.o
 .debug_macro   0x0001792b      0x87d ./Core/Src/adc.o
 .debug_macro   0x000181a8       0x77 ./Core/Src/adc.o
 .debug_macro   0x0001821f      0x18b ./Core/Src/adc.o
 .debug_macro   0x000183aa       0x5d ./Core/Src/adc.o
 .debug_macro   0x00018407       0xc5 ./Core/Src/adc.o
 .debug_macro   0x000184cc      0x19f ./Core/Src/adc.o
 .debug_macro   0x0001866b      0x22c ./Core/Src/adc.o
 .debug_macro   0x00018897       0x5b ./Core/Src/adc.o
 .debug_macro   0x000188f2       0xa5 ./Core/Src/adc.o
 .debug_macro   0x00018997       0x81 ./Core/Src/adc.o
 .debug_macro   0x00018a18       0xd3 ./Core/Src/adc.o
 .debug_macro   0x00018aeb      0xa3d ./Core/Src/adc.o
 .debug_macro   0x00019528       0x59 ./Core/Src/adc.o
 .debug_macro   0x00019581      0x5a5 ./Core/Src/adc.o
 .debug_macro   0x00019b26       0x44 ./Core/Src/adc.o
 .debug_macro   0x00019b6a      0x285 ./Core/Src/adc.o
 .debug_macro   0x00019def       0x40 ./Core/Src/adc.o
 .debug_macro   0x00019e2f      0x20c ./Core/Src/dac.o
 .debug_macro   0x0001a03b      0x20c ./Core/Src/dma.o
 .debug_macro   0x0001a247      0x20c ./Core/Src/gpio.o
 .debug_macro   0x0001a453      0x314 ./Core/Src/main.o
 .debug_macro   0x0001a767       0x1e ./Core/Src/main.o
 .debug_macro   0x0001a785       0x52 ./Core/Src/main.o
 .debug_macro   0x0001a7d7       0x3c ./Core/Src/main.o
 .debug_macro   0x0001a813       0x34 ./Core/Src/main.o
 .debug_macro   0x0001a847       0x16 ./Core/Src/main.o
 .debug_macro   0x0001a85d       0x35 ./Core/Src/main.o
 .debug_macro   0x0001a892       0x16 ./Core/Src/main.o
 .debug_macro   0x0001a8a8       0x43 ./Core/Src/main.o
 .debug_macro   0x0001a8eb       0x34 ./Core/Src/main.o
 .debug_macro   0x0001a91f       0x10 ./Core/Src/main.o
 .debug_macro   0x0001a92f       0x58 ./Core/Src/main.o
 .debug_macro   0x0001a987       0x71 ./Core/Src/main.o
 .debug_macro   0x0001a9f8       0x1c ./Core/Src/main.o
 .debug_macro   0x0001aa14      0x12a ./Core/Src/main.o
 .debug_macro   0x0001ab3e      0x341 ./Core/Src/main.o
 .debug_macro   0x0001ae7f       0x16 ./Core/Src/main.o
 .debug_macro   0x0001ae95       0x29 ./Core/Src/main.o
 .debug_macro   0x0001aebe      0x202 ./Core/Src/stm32f3xx_hal_msp.o
 .debug_macro   0x0001b0c0      0x20c ./Core/Src/stm32f3xx_it.o
 .debug_macro   0x0001b2cc      0x1f3 ./Core/Src/system_stm32f3xx.o
 .debug_macro   0x0001b4bf      0x20c ./Core/Src/tim.o
 .debug_macro   0x0001b6cb      0x20c ./Core/Src/usart.o
 .debug_macro   0x0001b8d7      0x217 ./Drivers/STM32F3xx_HAL_Driver/Src/stm32f3xx_hal.o
 .debug_macro   0x0001baee      0x1f4 ./Drivers/STM32F3xx_HAL_Driver/Src/stm32f3xx_hal_adc.o
 .debug_macro   0x0001bce2      0x21d ./Drivers/STM32F3xx_HAL_Driver/Src/stm32f3xx_hal_adc_ex.o
 .debug_macro   0x0001beff      0x1f3 ./Drivers/STM32F3xx_HAL_Driver/Src/stm32f3xx_hal_cortex.o
 .debug_macro   0x0001c0f2      0x1f4 ./Drivers/STM32F3xx_HAL_Driver/Src/stm32f3xx_hal_dac.o
 .debug_macro   0x0001c2e6      0x1f3 ./Drivers/STM32F3xx_HAL_Driver/Src/stm32f3xx_hal_dac_ex.o
 .debug_macro   0x0001c4d9      0x1f3 ./Drivers/STM32F3xx_HAL_Driver/Src/stm32f3xx_hal_dma.o
 .debug_macro   0x0001c6cc      0x1fa ./Drivers/STM32F3xx_HAL_Driver/Src/stm32f3xx_hal_gpio.o
 .debug_macro   0x0001c8c6      0x217 ./Drivers/STM32F3xx_HAL_Driver/Src/stm32f3xx_hal_rcc.o
 .debug_macro   0x0001cadd      0x1f4 ./Drivers/STM32F3xx_HAL_Driver/Src/stm32f3xx_hal_tim.o
 .debug_macro   0x0001ccd1      0x1f3 ./Drivers/STM32F3xx_HAL_Driver/Src/stm32f3xx_hal_tim_ex.o
 .debug_macro   0x0001cec4      0x210 ./Drivers/STM32F3xx_HAL_Driver/Src/stm32f3xx_hal_uart.o

.debug_line     0x00000000    0x15755
 .debug_line    0x00000000      0x5cf ./Core/Src/adc.o
 .debug_line    0x000005cf      0x58d ./Core/Src/dac.o
 .debug_line    0x00000b5c      0x50b ./Core/Src/dma.o
 .debug_line    0x00001067      0x51c ./Core/Src/gpio.o
 .debug_line    0x00001583      0x726 ./Core/Src/main.o
 .debug_line    0x00001ca9      0x50d ./Core/Src/stm32f3xx_hal_msp.o
 .debug_line    0x000021b6      0x618 ./Core/Src/stm32f3xx_it.o
 .debug_line    0x000027ce      0x584 ./Core/Src/system_stm32f3xx.o
 .debug_line    0x00002d52      0x565 ./Core/Src/tim.o
 .debug_line    0x000032b7      0x57d ./Core/Src/usart.o
 .debug_line    0x00003834       0x88 ./Core/Startup/startup_stm32f303k8tx.o
 .debug_line    0x000038bc      0x7cd ./Drivers/STM32F3xx_HAL_Driver/Src/stm32f3xx_hal.o
 .debug_line    0x00004089      0x70c ./Drivers/STM32F3xx_HAL_Driver/Src/stm32f3xx_hal_adc.o
 .debug_line    0x00004795     0x2762 ./Drivers/STM32F3xx_HAL_Driver/Src/stm32f3xx_hal_adc_ex.o
 .debug_line    0x00006ef7      0xa0a ./Drivers/STM32F3xx_HAL_Driver/Src/stm32f3xx_hal_cortex.o
 .debug_line    0x00007901      0x75d ./Drivers/STM32F3xx_HAL_Driver/Src/stm32f3xx_hal_dac.o
 .debug_line    0x0000805e      0xb82 ./Drivers/STM32F3xx_HAL_Driver/Src/stm32f3xx_hal_dac_ex.o
 .debug_line    0x00008be0      0xb83 ./Drivers/STM32F3xx_HAL_Driver/Src/stm32f3xx_hal_dma.o
 .debug_line    0x00009763      0xa53 ./Drivers/STM32F3xx_HAL_Driver/Src/stm32f3xx_hal_gpio.o
 .debug_line    0x0000a1b6     0x1388 ./Drivers/STM32F3xx_HAL_Driver/Src/stm32f3xx_hal_rcc.o
 .debug_line    0x0000b53e     0x5322 ./Drivers/STM32F3xx_HAL_Driver/Src/stm32f3xx_hal_tim.o
 .debug_line    0x00010860     0x1e86 ./Drivers/STM32F3xx_HAL_Driver/Src/stm32f3xx_hal_tim_ex.o
 .debug_line    0x000126e6     0x306f ./Drivers/STM32F3xx_HAL_Driver/Src/stm32f3xx_hal_uart.o

.debug_str      0x00000000    0xac796
 .debug_str     0x00000000    0xa581b ./Core/Src/adc.o
                              0xa5c14 (size before relaxing)
 .debug_str     0x000a581b      0x20a ./Core/Src/dac.o
                              0xa585b (size before relaxing)
 .debug_str     0x000a5a25       0x29 ./Core/Src/dma.o
                              0xa5669 (size before relaxing)
 .debug_str     0x000a5a4e       0x48 ./Core/Src/gpio.o
                              0xa5425 (size before relaxing)
 .debug_str     0x000a5a96     0x3358 ./Core/Src/main.o
                              0xa8d02 (size before relaxing)
 .debug_str     0x000a8dee       0x2c ./Core/Src/stm32f3xx_hal_msp.o
                              0xa5388 (size before relaxing)
 .debug_str     0x000a8e1a       0xef ./Core/Src/stm32f3xx_it.o
                              0xa585c (size before relaxing)
 .debug_str     0x000a8f09       0xdf ./Core/Src/system_stm32f3xx.o
                              0xa536c (size before relaxing)
 .debug_str     0x000a8fe8       0xb9 ./Core/Src/tim.o
                              0xa5942 (size before relaxing)
 .debug_str     0x000a90a1      0x247 ./Core/Src/usart.o
                              0xa5867 (size before relaxing)
 .debug_str     0x000a92e8       0x36 ./Core/Startup/startup_stm32f303k8tx.o
                                 0x6c (size before relaxing)
 .debug_str     0x000a931e      0x398 ./Drivers/STM32F3xx_HAL_Driver/Src/stm32f3xx_hal.o
                              0xa5a1f (size before relaxing)
 .debug_str     0x000a96b6      0x1f4 ./Drivers/STM32F3xx_HAL_Driver/Src/stm32f3xx_hal_adc.o
                              0xa596b (size before relaxing)
 .debug_str     0x000a98aa      0x6ba ./Drivers/STM32F3xx_HAL_Driver/Src/stm32f3xx_hal_adc_ex.o
                              0xa5fa8 (size before relaxing)
 .debug_str     0x000a9f64      0x28e ./Drivers/STM32F3xx_HAL_Driver/Src/stm32f3xx_hal_cortex.o
                              0xa5981 (size before relaxing)
 .debug_str     0x000aa1f2      0x160 ./Drivers/STM32F3xx_HAL_Driver/Src/stm32f3xx_hal_dac.o
                              0xa5774 (size before relaxing)
 .debug_str     0x000aa352      0x1a5 ./Drivers/STM32F3xx_HAL_Driver/Src/stm32f3xx_hal_dac_ex.o
                              0xa5806 (size before relaxing)
 .debug_str     0x000aa4f7      0x248 ./Drivers/STM32F3xx_HAL_Driver/Src/stm32f3xx_hal_dma.o
                              0xa56ba (size before relaxing)
 .debug_str     0x000aa73f      0x14d ./Drivers/STM32F3xx_HAL_Driver/Src/stm32f3xx_hal_gpio.o
                              0xa555d (size before relaxing)
 .debug_str     0x000aa88c      0x2f7 ./Drivers/STM32F3xx_HAL_Driver/Src/stm32f3xx_hal_rcc.o
                              0xa57e5 (size before relaxing)
 .debug_str     0x000aab83      0xe40 ./Drivers/STM32F3xx_HAL_Driver/Src/stm32f3xx_hal_tim.o
                              0xa6703 (size before relaxing)
 .debug_str     0x000ab9c3      0x550 ./Drivers/STM32F3xx_HAL_Driver/Src/stm32f3xx_hal_tim_ex.o
                              0xa5f07 (size before relaxing)
 .debug_str     0x000abf13      0x883 ./Drivers/STM32F3xx_HAL_Driver/Src/stm32f3xx_hal_uart.o
                              0xa5fbe (size before relaxing)

.comment        0x00000000       0x49
 .comment       0x00000000       0x49 ./Core/Src/adc.o
                                 0x4a (size before relaxing)
 .comment       0x00000049       0x4a ./Core/Src/dac.o
 .comment       0x00000049       0x4a ./Core/Src/dma.o
 .comment       0x00000049       0x4a ./Core/Src/gpio.o
 .comment       0x00000049       0x4a ./Core/Src/main.o
 .comment       0x00000049       0x4a ./Core/Src/stm32f3xx_hal_msp.o
 .comment       0x00000049       0x4a ./Core/Src/stm32f3xx_it.o
 .comment       0x00000049       0x4a ./Core/Src/system_stm32f3xx.o
 .comment       0x00000049       0x4a ./Core/Src/tim.o
 .comment       0x00000049       0x4a ./Core/Src/usart.o
 .comment       0x00000049       0x4a ./Drivers/STM32F3xx_HAL_Driver/Src/stm32f3xx_hal.o
 .comment       0x00000049       0x4a ./Drivers/STM32F3xx_HAL_Driver/Src/stm32f3xx_hal_adc.o
 .comment       0x00000049       0x4a ./Drivers/STM32F3xx_HAL_Driver/Src/stm32f3xx_hal_adc_ex.o
 .comment       0x00000049       0x4a ./Drivers/STM32F3xx_HAL_Driver/Src/stm32f3xx_hal_cortex.o
 .comment       0x00000049       0x4a ./Drivers/STM32F3xx_HAL_Driver/Src/stm32f3xx_hal_dac.o
 .comment       0x00000049       0x4a ./Drivers/STM32F3xx_HAL_Driver/Src/stm32f3xx_hal_dac_ex.o
 .comment       0x00000049       0x4a ./Drivers/STM32F3xx_HAL_Driver/Src/stm32f3xx_hal_dma.o
 .comment       0x00000049       0x4a ./Drivers/STM32F3xx_HAL_Driver/Src/stm32f3xx_hal_gpio.o
 .comment       0x00000049       0x4a ./Drivers/STM32F3xx_HAL_Driver/Src/stm32f3xx_hal_rcc.o
 .comment       0x00000049       0x4a ./Drivers/STM32F3xx_HAL_Driver/Src/stm32f3xx_hal_tim.o
 .comment       0x00000049       0x4a ./Drivers/STM32F3xx_HAL_Driver/Src/stm32f3xx_hal_tim_ex.o
 .comment       0x00000049       0x4a ./Drivers/STM32F3xx_HAL_Driver/Src/stm32f3xx_hal_uart.o

.debug_frame    0x00000000     0x4450
 .debug_frame   0x00000000       0x7c ./Core/Src/adc.o
 .debug_frame   0x0000007c       0x7c ./Core/Src/dac.o
 .debug_frame   0x000000f8       0x34 ./Core/Src/dma.o
 .debug_frame   0x0000012c       0x34 ./Core/Src/gpio.o
 .debug_frame   0x00000160      0x12c ./Core/Src/main.o
 .debug_frame   0x0000028c       0x38 ./Core/Src/stm32f3xx_hal_msp.o
 .debug_frame   0x000002c4      0x158 ./Core/Src/stm32f3xx_it.o
 .debug_frame   0x0000041c       0x58 ./Core/Src/system_stm32f3xx.o
 .debug_frame   0x00000474       0x84 ./Core/Src/tim.o
 .debug_frame   0x000004f8       0x74 ./Core/Src/usart.o
 .debug_frame   0x0000056c      0x334 ./Drivers/STM32F3xx_HAL_Driver/Src/stm32f3xx_hal.o
 .debug_frame   0x000008a0      0x37c ./Drivers/STM32F3xx_HAL_Driver/Src/stm32f3xx_hal_adc.o
 .debug_frame   0x00000c1c      0x624 ./Drivers/STM32F3xx_HAL_Driver/Src/stm32f3xx_hal_adc_ex.o
 .debug_frame   0x00001240      0x424 ./Drivers/STM32F3xx_HAL_Driver/Src/stm32f3xx_hal_cortex.o
 .debug_frame   0x00001664      0x2d0 ./Drivers/STM32F3xx_HAL_Driver/Src/stm32f3xx_hal_dac.o
 .debug_frame   0x00001934      0x2f4 ./Drivers/STM32F3xx_HAL_Driver/Src/stm32f3xx_hal_dac_ex.o
 .debug_frame   0x00001c28      0x224 ./Drivers/STM32F3xx_HAL_Driver/Src/stm32f3xx_hal_dma.o
 .debug_frame   0x00001e4c      0x138 ./Drivers/STM32F3xx_HAL_Driver/Src/stm32f3xx_hal_gpio.o
 .debug_frame   0x00001f84      0x20c ./Drivers/STM32F3xx_HAL_Driver/Src/stm32f3xx_hal_rcc.o
 .debug_frame   0x00002190     0x1220 ./Drivers/STM32F3xx_HAL_Driver/Src/stm32f3xx_hal_tim.o
 .debug_frame   0x000033b0      0x674 ./Drivers/STM32F3xx_HAL_Driver/Src/stm32f3xx_hal_tim_ex.o
 .debug_frame   0x00003a24      0x9e0 ./Drivers/STM32F3xx_HAL_Driver/Src/stm32f3xx_hal_uart.o
 .debug_frame   0x00004404       0x2c c:/gcc_arm/bin/../lib/gcc/arm-none-eabi/10.3.1/../../../../arm-none-eabi/lib/thumb/v7e-m+fp/hard\libc_nano.a(lib_a-init.o)
 .debug_frame   0x00004430       0x20 c:/gcc_arm/bin/../lib/gcc/arm-none-eabi/10.3.1/../../../../arm-none-eabi/lib/thumb/v7e-m+fp/hard\libc_nano.a(lib_a-memset.o)
